#
# A fatal error has been detected by the Java Runtime Environment:
#
#  EXCEPTION_ACCESS_VIOLATION (0xc0000005) at pc=0x000001b5132d1050, pid=17488, tid=12152
#
# JRE version: OpenJDK Runtime Environment Temurin-21.0.6+7 (21.0.6+7) (build 21.0.6+7-LTS)
# Java VM: OpenJDK 64-Bit Server VM Temurin-21.0.6+7 (21.0.6+7-LTS, mixed mode, emulated-client, sharing, tiered, compressed oops, compressed class ptrs, g1 gc, windows-amd64)
# Problematic frame:
# v  ~BufferBlob::MethodHandles adapters 0x000001b5132d1050
#
# No core dump will be written. Minidumps are not enabled by default on client versions of Windows
#
# If you would like to submit a bug report, please visit:
#   https://github.com/adoptium/adoptium-support/issues
#

---------------  S U M M A R Y ------------

Command Line: -XX:+ShowCodeDetailsInExceptionMessages -agentlib:jdwp=transport=dt_socket,suspend=y,address=localhost:50574 -Dcom.sun.management.jmxremote -Dcom.sun.management.jmxremote.port=50573 -Dcom.sun.management.jmxremote.authenticate=false -Dcom.sun.management.jmxremote.ssl=false -Djava.rmi.server.hostname=localhost -Dspring.jmx.enabled=true -Dmanagement.endpoints.jmx.exposure.include=* -Dspring.application.admin.enabled=true -Dspring.output.ansi.enabled=always -XX:TieredStopAtLevel=1 -Dspring.boot.project.name=SpringExample -javaagent:D:\유영아\5_spring\ex_new\sts-4.29.1.RELEASE\configuration\org.eclipse.osgi\270\0\.cp\lib\javaagent-shaded.jar -Dfile.encoding=UTF-8 -Dstdout.encoding=UTF-8 -Dstderr.encoding=UTF-8 com.example.SpringExampleApplication --debug

Host: Intel(R) Core(TM) i7-8700 CPU @ 3.20GHz, 12 cores, 15G,  Windows 10 , 64 bit Build 19041 (10.0.19041.5678)
Time: Wed May  7 19:53:04 2025  Windows 10 , 64 bit Build 19041 (10.0.19041.5678) elapsed time: 16.768198 seconds (0d 0h 0m 16s)

---------------  T H R E A D  ---------------

Current thread (0x000001b56814c9a0):  JavaThread "restartedMain"        [_thread_in_Java, id=12152, stack(0x000000b192600000,0x000000b192700000) (1024K)]

Stack: [0x000000b192600000,0x000000b192700000],  sp=0x000000b1926fe198,  free space=1016k
Native frames: (J=compiled Java code, j=interpreted, Vv=VM code, C=native code)
C  0x000001b5132d1050

The last pc belongs to _linkToSpecial (printed below).

siginfo: EXCEPTION_ACCESS_VIOLATION (0xc0000005), reading address 0xffffffffffffffff


Registers:
RAX=0x000001b5132a9086, RBX=0xe19b5e5500000000, RCX=0x000000b1926fe1a0, RDX=0x0000000000000002
RSP=0x000000b1926fe198, RBP=0x000000b1926fe1e8, RSI=0x000001b568a6d4c8, RDI=0x000001b568b59830
R8 =0x0000000000000004, R9 =0x0000000000000004, R10=0x00007ffc701ce040, R11=0x000001b51f0b5bd0
R12=0x0000000000000000, R13=0x000000b1926fe198, R14=0x000000b1926fe208, R15=0x000001b56814c9a0
RIP=0x000001b5132d1050, EFLAGS=0x0000000000010202

XMM[0]=0x0000000000000000 0x0000000000000000
XMM[1]=0x0000000000000000 0x0000000000000000
XMM[2]=0x0000000000000000 0x0000000000000000
XMM[3]=0x0000000000000000 0x0000000000000000
XMM[4]=0x0000000000000000 0x0000000000000000
XMM[5]=0x0000000000000000 0x0000000000000000
XMM[6]=0x0000000000000000 0x0000000000000000
XMM[7]=0x0000000000000000 0x0000000000000000
XMM[8]=0x0000000000000000 0x0000000000000000
XMM[9]=0x0000000000000000 0x0000000000000000
XMM[10]=0x0000000000000000 0x0000000000000000
XMM[11]=0x0000000000000000 0x0000000000000000
XMM[12]=0x0000000000000000 0x0000000000000000
XMM[13]=0x0000000000000000 0x0000000000000000
XMM[14]=0x0000000000000000 0x0000000000000000
XMM[15]=0x0000000000000000 0x0000000000000000
  MXCSR=0x00001fa0


Register to memory mapping:

RAX=0x000001b5132a9086 is at code_begin+3078 in an Interpreter codelet
return entry points  [0x000001b5132a8480, 0x000001b5132aa298]  7704 bytes
RBX=0xe19b5e5500000000 is an unknown value
RCX=0x000000b1926fe1a0 is pointing into the stack for thread: 0x000001b56814c9a0
RDX=0x0000000000000002 is an unknown value
RSP=0x000000b1926fe198 is pointing into the stack for thread: 0x000001b56814c9a0
RBP=0x000000b1926fe1e8 is pointing into the stack for thread: 0x000001b56814c9a0
RSI=0x000001b568a6d4c8 points into unknown readable memory: 0x80001a00a27d9844 | 44 98 7d a2 00 1a 00 80
RDI=0x000001b568b59830 points into unknown readable memory: 0x0000001800000070 | 70 00 00 00 18 00 00 00
R8 =0x0000000000000004 is an unknown value
R9 =0x0000000000000004 is an unknown value
R10=0x00007ffc701ce040 jvm.dll
R11={method} {0x000001b51f0b5bd8} 'newInvokeSpecial' '(Ljava/lang/Object;)Ljava/lang/Object;' in 'java/lang/invoke/DirectMethodHandle$Holder'
R12=0x0 is null
R13=0x000000b1926fe198 is pointing into the stack for thread: 0x000001b56814c9a0
R14=0x000000b1926fe208 is pointing into the stack for thread: 0x000001b56814c9a0
R15=0x000001b56814c9a0 is a thread

Top of Stack: (sp=0x000000b1926fe198)
0x000000b1926fe198:   000001b5132a9086 000000b1926fe1a0
0x000000b1926fe1a8:   000001b51f72b567 0000000000000004
0x000000b1926fe1b8:   000001b51f0b1088 000000070cda7a68
0x000000b1926fe1c8:   00000007052f44b8 000001b51f0b5bd0
0x000000b1926fe1d8:   000000b1926fe198 000000b1926fe210
0x000000b1926fe1e8:   000000b1926fe590 000001b5136e6d43
0x000000b1926fe1f8:   000000070cdaf1b0 000000070cdaf258
0x000000b1926fe208:   000000070cdaf210 00000007084e8060
0x000000b1926fe218:   0000000705802e28 000000070cdaef70
0x000000b1926fe228:   000001b56814c9a0 000000b1926fe590
0x000000b1926fe238:   000001b513c01d8c 0000000000000000
0x000000b1926fe248:   00007ffc6fb6e500 000000070cda7ad0
0x000000b1926fe258:   0000000000000002 000000070cda7ad0
0x000000b1926fe268:   0000000000000002 0000000000000002
0x000000b1926fe278:   00007ffc6f9802cc 00007ffc6ff1d338
0x000000b1926fe288:   000000070cda7ad0 0000000000000002
0x000000b1926fe298:   000000070558ebc8 00000007084e8060
0x000000b1926fe2a8:   000000070cdaee38 000000070cdaf240
0x000000b1926fe2b8:   000000070cdaefc8 000000070cdaef70
0x000000b1926fe2c8:   0000000700000000 00000007084e8060
0x000000b1926fe2d8:   0000000000000001 000000b1926fe590
0x000000b1926fe2e8:   000001b513c01544 0000000000000000
0x000000b1926fe2f8:   000000070cdaf210 000000b1926fe590
0x000000b1926fe308:   000001b5136e385c 0000000000000000
0x000000b1926fe318:   0000000000000000 0000000000000000
0x000000b1926fe328:   000000b1926fce00 000001b56814c9a0
0x000000b1926fe338:   0000000000000000 000000070cdaef70
0x000000b1926fe348:   0000000000000000 000000070cdaee38
0x000000b1926fe358:   000000070cdaf240 000000070cdaef70
0x000000b1926fe368:   0000000000000000 000000070cdaef00
0x000000b1926fe378:   000001b5136e6264 000000b1926fe590
0x000000b1926fe388:   000001b5136e04ea 0000000000000000 

Instructions: (pc=0x000001b5132d1050)
0x000001b5132d0f50:   bf d8 05 00 00 00 74 03 ff 63 38 ff 63 50 e9 9d
0x000001b5132d0f60:   16 00 00 66 66 66 0f 1f 84 00 00 00 00 00 66 66
0x000001b5132d0f70:   66 90 66 66 0f 1f 84 00 00 00 00 00 66 66 66 90
0x000001b5132d0f80:   48 8b 53 08 0f b7 52 2e 48 8b 0c d4 58 5b 50 44
0x000001b5132d0f90:   8b 51 08 49 bb 00 00 00 1f b5 01 00 00 4d 03 d3
0x000001b5132d0fa0:   4c 8b 5b 10 4b 8b 9c da c0 01 00 00 48 85 db 0f
0x000001b5132d0fb0:   84 10 00 00 00 41 80 bf d8 05 00 00 00 74 03 ff
0x000001b5132d0fc0:   63 38 ff 63 50 e9 36 16 00 00 66 66 66 0f 1f 84
0x000001b5132d0fd0:   00 00 00 00 00 66 66 66 90 0f 1f 80 00 00 00 00
0x000001b5132d0fe0:   58 5b 50 8b 5b 24 48 c1 e3 03 48 8b 5b 10 48 85
0x000001b5132d0ff0:   db 0f 84 10 00 00 00 41 80 bf d8 05 00 00 00 74
0x000001b5132d1000:   03 ff 63 38 ff 63 50 e9 f4 15 00 00 66 66 66 0f
0x000001b5132d1010:   1f 84 00 00 00 00 00 66 66 66 90 0f 1f 44 00 00
0x000001b5132d1020:   48 8b 53 08 0f b7 52 2e 48 8b 0c d4 58 5b 50 48
0x000001b5132d1030:   3b 01 8b 5b 24 48 c1 e3 03 48 8b 5b 10 48 85 db
0x000001b5132d1040:   0f 84 10 00 00 00 41 80 bf d8 05 00 00 00 74 03
0x000001b5132d1050:   ff 63 38 ff 63 50 e9 a5 15 00 00 0f 1f 44 00 00
0x000001b5132d1060:   48 8b 53 08 0f b7 52 2e 48 8b 0c d4 58 5b 50 44
0x000001b5132d1070:   8b 51 08 49 bb 00 00 00 1f b5 01 00 00 4d 03 d3
0x000001b5132d1080:   8b 43 18 48 c1 e0 03 48 8b 40 10 48 8b 5b 10 45
0x000001b5132d1090:   8b 9a a0 00 00 00 4f 8d 9c da c0 01 00 00 4d 8d
0x000001b5132d10a0:   14 da 49 8b 1b 48 3b c3 74 15 48 85 db 0f 84 32
0x000001b5132d10b0:   00 00 00 49 83 c3 10 49 8b 1b 48 3b c3 75 eb 45
0x000001b5132d10c0:   8b 5b 08 4b 8b 1c 1a 48 85 db 0f 84 10 00 00 00
0x000001b5132d10d0:   41 80 bf d8 05 00 00 00 74 03 ff 63 38 ff 63 50
0x000001b5132d10e0:   e9 1b 15 00 00 e9 16 12 00 00 f4 00 00 00 00 00
0x000001b5132d10f0:   00 00 00 00 00 00 00 00 00 00 00 00 00 00 00 00
0x000001b5132d1100:   00 00 00 00 00 00 00 00 00 00 00 00 00 00 00 00
0x000001b5132d1110:   00 00 00 00 00 00 00 00 00 00 00 00 00 00 00 00
0x000001b5132d1120:   00 00 00 00 00 00 00 00 00 00 00 00 00 00 00 00
0x000001b5132d1130:   00 00 00 00 00 00 00 00 00 00 00 00 00 00 00 00
0x000001b5132d1140:   00 00 00 00 00 00 00 00 00 00 00 00 00 00 00 00 


Stack slot to memory mapping:

stack at sp + 0 slots: 0x000001b5132a9086 is at code_begin+3078 in an Interpreter codelet
return entry points  [0x000001b5132a8480, 0x000001b5132aa298]  7704 bytes
stack at sp + 1 slots: 0x000000b1926fe1a0 is pointing into the stack for thread: 0x000001b56814c9a0
stack at sp + 2 slots: 0x000001b51f72b567 is pointing into metadata
stack at sp + 3 slots: 0x0000000000000004 is an unknown value
stack at sp + 4 slots: 0x000001b51f0b1088 is pointing into metadata
stack at sp + 5 slots: 0x000000070cda7a68 is an oop: java.util.HashSet 
{0x000000070cda7a68} - klass: 'java/util/HashSet'
 - ---- fields (total size 2 words):
 - transient 'map' 'Ljava/util/HashMap;' @12  a 'java/util/HashMap'{0x000000070cda7a78} (0xe19b4f4f)
stack at sp + 6 slots: 0x00000007052f44b8 is an oop: java.lang.Class 
{0x00000007052f44b8} - klass: 'java/lang/Class'
 - ---- fields (total size 14 words):
 - private volatile transient 'classRedefinedCount' 'I' @12  0 (0x00000000)
 - injected 'klass' 'J' @16  1877421526112 (0x000001b51f0b0c60)
 - injected 'array_klass' 'J' @24  0 (0x0000000000000000)
 - injected 'oop_size' 'I' @32  14 (0x0000000e)
 - injected 'static_oop_field_count' 'I' @36  0 (0x00000000)
 - private volatile transient 'cachedConstructor' 'Ljava/lang/reflect/Constructor;' @40  null (0x00000000)
 - private transient 'name' 'Ljava/lang/String;' @44  null (0x00000000)
 - private transient 'module' 'Ljava/lang/Module;' @48  a 'java/lang/Module'{0x00000007052fdef8} (0xe0a5fbdf)
 - private final 'classLoader' 'Ljava/lang/ClassLoader;' @52  null (0x00000000)
 - private transient 'classData' 'Ljava/lang/Object;' @56  null (0x00000000)
 - private transient 'packageName' 'Ljava/lang/String;' @60  null (0x00000000)
 - private final 'componentType' 'Ljava/lang/Class;' @64  null (0x00000000)
 - private volatile transient 'reflectionData' 'Ljava/lang/ref/SoftReference;' @68  null (0x00000000)
 - private volatile transient 'genericInfo' 'Lsun/reflect/generics/repository/ClassRepository;' @72  null (0x00000000)
 - private volatile transient 'enumConstants' '[Ljava/lang/Object;' @76  null (0x00000000)
 - private volatile transient 'enumConstantDirectory' 'Ljava/util/Map;' @80  null (0x00000000)
 - private volatile transient 'annotationData' 'Ljava/lang/Class$AnnotationData;' @84  null (0x00000000)
 - private volatile transient 'annotationType' 'Lsun/reflect/annotation/AnnotationType;' @88  null (0x00000000)
 - transient 'classValueMap' 'Ljava/lang/ClassValue$ClassValueMap;' @92  null (0x00000000)
 - injected 'protection_domain' 'Ljava/lang/Object;' @96  null (0x00000000)
 - injected 'signers_name' 'Ljava/lang/Object;' @100  null (0x00000000)
 - injected 'source_file' 'Ljava/lang/Object;' @104  null (0x00000000)
 - injected '<init_lock>' 'Ljava/lang/Object;' @108  null (0x00000000)
 - signature: Ljava/lang/invoke/DirectMethodHandle$Holder;
 - ---- static fields (0):
stack at sp + 7 slots: {method} {0x000001b51f0b5bd8} 'newInvokeSpecial' '(Ljava/lang/Object;)Ljava/lang/Object;' in 'java/lang/invoke/DirectMethodHandle$Holder'

MethodHandle::interpreter_entry::_linkToSpecial [0x000001b5132d100c, 0x000001b5132d105b] (79 bytes)
[MachCode]
  0x000001b5132d100c: 6666 660f | 1f84 0000 | 0000 0066 | 6666 900f | 1f44 0000 | 488b 5308 | 0fb7 522e | 488b 0cd4 
  0x000001b5132d102c: 585b 5048 | 3b01 8b5b | 2448 c1e3 | 0348 8b5b | 1048 85db | 0f84 1000 | 0000 4180 | bfd8 0500 
  0x000001b5132d104c: 0000 7403 | ff63 38ff | 6350 e9a5 | 
[/MachCode]

---------------  P R O C E S S  ---------------

Threads class SMR info:
_java_thread_list=0x000001b568ef2060, length=26, elements={
0x000001b50f9155d0, 0x000001b51e140be0, 0x000001b51e1419f0, 0x000001b51e144a70,
0x000001b51e145d90, 0x000001b51e14f800, 0x000001b51e150250, 0x000001b51e1541a0,
0x000001b51e111ef0, 0x000001b51e2a1250, 0x000001b51e2c2600, 0x000001b51e2c2c80,
0x000001b56413c2d0, 0x000001b56413d840, 0x000001b5642f9e60, 0x000001b5643d8ae0,
0x000001b5647a1a40, 0x000001b5647fe630, 0x000001b5647fa390, 0x000001b5680fc480,
0x000001b56814dd50, 0x000001b56814c9a0, 0x000001b56814d6c0, 0x000001b56814d030,
0x000001b568ee7480, 0x000001b568ee7b10
}

Java Threads: ( => current thread )
  0x000001b50f9155d0 JavaThread "main"                              [_thread_blocked, id=18612, stack(0x000000b18fe00000,0x000000b18ff00000) (1024K)]
  0x000001b51e140be0 JavaThread "Reference Handler"          daemon [_thread_blocked, id=17744, stack(0x000000b190600000,0x000000b190700000) (1024K)]
  0x000001b51e1419f0 JavaThread "Finalizer"                  daemon [_thread_blocked, id=4512, stack(0x000000b190700000,0x000000b190800000) (1024K)]
  0x000001b51e144a70 JavaThread "Signal Dispatcher"          daemon [_thread_blocked, id=7792, stack(0x000000b190800000,0x000000b190900000) (1024K)]
  0x000001b51e145d90 JavaThread "Attach Listener"            daemon [_thread_blocked, id=10288, stack(0x000000b190900000,0x000000b190a00000) (1024K)]
  0x000001b51e14f800 JavaThread "Service Thread"             daemon [_thread_blocked, id=6056, stack(0x000000b190a00000,0x000000b190b00000) (1024K)]
  0x000001b51e150250 JavaThread "Monitor Deflation Thread"   daemon [_thread_blocked, id=9644, stack(0x000000b190b00000,0x000000b190c00000) (1024K)]
  0x000001b51e1541a0 JavaThread "C1 CompilerThread0"         daemon [_thread_blocked, id=12436, stack(0x000000b190c00000,0x000000b190d00000) (1024K)]
  0x000001b51e111ef0 JavaThread "Common-Cleaner"             daemon [_thread_blocked, id=18280, stack(0x000000b190d00000,0x000000b190e00000) (1024K)]
  0x000001b51e2a1250 JavaThread "JDWP Transport Listener: dt_socket" daemon [_thread_blocked, id=8504, stack(0x000000b191100000,0x000000b191200000) (1024K)]
  0x000001b51e2c2600 JavaThread "JDWP Event Helper Thread"   daemon [_thread_blocked, id=13780, stack(0x000000b191200000,0x000000b191300000) (1024K)]
  0x000001b51e2c2c80 JavaThread "JDWP Command Reader"        daemon [_thread_in_native, id=18084, stack(0x000000b191300000,0x000000b191400000) (1024K)]
  0x000001b56413c2d0 JavaThread "Notification Thread"        daemon [_thread_blocked, id=19020, stack(0x000000b191400000,0x000000b191500000) (1024K)]
  0x000001b56413d840 JavaThread "RMI TCP Accept-0"           daemon [_thread_in_native, id=18344, stack(0x000000b191500000,0x000000b191600000) (1024K)]
  0x000001b5642f9e60 JavaThread "RMI TCP Accept-50573"       daemon [_thread_in_native, id=2640, stack(0x000000b191600000,0x000000b191700000) (1024K)]
  0x000001b5643d8ae0 JavaThread "RMI TCP Accept-0"           daemon [_thread_in_native, id=6736, stack(0x000000b192000000,0x000000b192100000) (1024K)]
  0x000001b5647a1a40 JavaThread "RMI TCP Connection(1)-127.0.0.1" daemon [_thread_in_native, id=15100, stack(0x000000b192100000,0x000000b192200000) (1024K)]
  0x000001b5647fe630 JavaThread "RMI Scheduler(0)"           daemon [_thread_blocked, id=17936, stack(0x000000b192200000,0x000000b192300000) (1024K)]
  0x000001b5647fa390 JavaThread "RMI TCP Connection(2)-127.0.0.1" daemon [_thread_in_native, id=19000, stack(0x000000b192300000,0x000000b192400000) (1024K)]
  0x000001b5680fc480 JavaThread "JMX server connection timeout 40" daemon [_thread_blocked, id=18032, stack(0x000000b192400000,0x000000b192500000) (1024K)]
  0x000001b56814dd50 JavaThread "Thread-0"                          [_thread_blocked, id=10160, stack(0x000000b192500000,0x000000b192600000) (1024K)]
=>0x000001b56814c9a0 JavaThread "restartedMain"                     [_thread_in_Java, id=12152, stack(0x000000b192600000,0x000000b192700000) (1024K)]
  0x000001b56814d6c0 JavaThread "Catalina-utility-1"                [_thread_blocked, id=11588, stack(0x000000b192700000,0x000000b192800000) (1024K)]
  0x000001b56814d030 JavaThread "Catalina-utility-2"                [_thread_blocked, id=13132, stack(0x000000b192a00000,0x000000b192b00000) (1024K)]
  0x000001b568ee7480 JavaThread "container-0"                       [_thread_blocked, id=7840, stack(0x000000b192b00000,0x000000b192c00000) (1024K)]
  0x000001b568ee7b10 JavaThread "mysql-cj-abandoned-connection-cleanup" daemon [_thread_blocked, id=18020, stack(0x000000b192c00000,0x000000b192d00000) (1024K)]
Total: 26

Other Threads:
  0x000001b51e1262a0 VMThread "VM Thread"                           [id=6708, stack(0x000000b190500000,0x000000b190600000) (1024K)]
  0x000001b51e111190 WatcherThread "VM Periodic Task Thread"        [id=18704, stack(0x000000b190400000,0x000000b190500000) (1024K)]
  0x000001b50f97a1d0 WorkerThread "GC Thread#0"                     [id=17844, stack(0x000000b18ff00000,0x000000b190000000) (1024K)]
  0x000001b5641772e0 WorkerThread "GC Thread#1"                     [id=1196, stack(0x000000b191700000,0x000000b191800000) (1024K)]
  0x000001b564177680 WorkerThread "GC Thread#2"                     [id=12100, stack(0x000000b191800000,0x000000b191900000) (1024K)]
  0x000001b564177a20 WorkerThread "GC Thread#3"                     [id=18328, stack(0x000000b191900000,0x000000b191a00000) (1024K)]
  0x000001b564177dc0 WorkerThread "GC Thread#4"                     [id=18376, stack(0x000000b191a00000,0x000000b191b00000) (1024K)]
  0x000001b564178160 WorkerThread "GC Thread#5"                     [id=18948, stack(0x000000b191b00000,0x000000b191c00000) (1024K)]
  0x000001b56431a6d0 WorkerThread "GC Thread#6"                     [id=3020, stack(0x000000b191c00000,0x000000b191d00000) (1024K)]
  0x000001b56431aa70 WorkerThread "GC Thread#7"                     [id=18524, stack(0x000000b191d00000,0x000000b191e00000) (1024K)]
  0x000001b56431d240 WorkerThread "GC Thread#8"                     [id=7504, stack(0x000000b191e00000,0x000000b191f00000) (1024K)]
  0x000001b56431d5e0 WorkerThread "GC Thread#9"                     [id=18992, stack(0x000000b191f00000,0x000000b192000000) (1024K)]
  0x000001b50f98ad40 ConcurrentGCThread "G1 Main Marker"            [id=11580, stack(0x000000b190000000,0x000000b190100000) (1024K)]
  0x000001b50f98bef0 WorkerThread "G1 Conc#0"                       [id=10164, stack(0x000000b190100000,0x000000b190200000) (1024K)]
  0x000001b568215880 WorkerThread "G1 Conc#1"                       [id=14552, stack(0x000000b192800000,0x000000b192900000) (1024K)]
  0x000001b568215fc0 WorkerThread "G1 Conc#2"                       [id=9748, stack(0x000000b192900000,0x000000b192a00000) (1024K)]
  0x000001b51dfe5a00 ConcurrentGCThread "G1 Refine#0"               [id=7628, stack(0x000000b190200000,0x000000b190300000) (1024K)]
  0x000001b51dfe6380 ConcurrentGCThread "G1 Service"                [id=18740, stack(0x000000b190300000,0x000000b190400000) (1024K)]
Total: 18

Threads with active compile tasks:
Total: 0

VM state: not at safepoint (normal execution)

VM Mutex/Monitor currently owned by a thread: None

Heap address: 0x0000000705200000, size: 4014 MB, Compressed Oops mode: Zero based, Oop shift amount: 3

CDS archive(s) mapped at: [0x000001b51f000000-0x000001b51fc80000-0x000001b51fc80000), size 13107200, SharedBaseAddress: 0x000001b51f000000, ArchiveRelocationMode: 1.
Compressed class space mapped at: 0x000001b520000000-0x000001b560000000, reserved size: 1073741824
Narrow klass base: 0x000001b51f000000, Narrow klass shift: 0, Narrow klass range: 0x100000000

GC Precious Log:
 CardTable entry size: 512
 Card Set container configuration: InlinePtr #cards 4 size 8 Array Of Cards #cards 16 size 48 Howl #buckets 8 coarsen threshold 3686 Howl Bitmap #cards 512 size 80 coarsen threshold 460 Card regions per heap region 1 cards per card region 4096
 CPUs: 12 total, 12 available
 Memory: 16053M
 Large Page Support: Disabled
 NUMA Support: Disabled
 Compressed Oops: Enabled (Zero based)
 Heap Region Size: 2M
 Heap Min Capacity: 8M
 Heap Initial Capacity: 252M
 Heap Max Capacity: 4014M
 Pre-touch: Disabled
 Parallel Workers: 10
 Concurrent Workers: 3
 Concurrent Refinement Workers: 10
 Periodic GC: Disabled

Heap:
 garbage-first heap   total 71680K, used 25623K [0x0000000705200000, 0x0000000800000000)
  region size 2048K, 9 young (18432K), 4 survivors (8192K)
 Metaspace       used 33706K, committed 34240K, reserved 1114112K
  class space    used 4431K, committed 4672K, reserved 1048576K

Heap Regions: E=young(eden), S=young(survivor), O=old, HS=humongous(starts), HC=humongous(continues), CS=collection set, F=free, TAMS=top-at-mark-start, PB=parsable bottom
|   0|0x0000000705200000, 0x0000000705400000, 0x0000000705400000|100%| O|  |TAMS 0x0000000705200000| PB 0x0000000705200000| Untracked 
|   1|0x0000000705400000, 0x0000000705600000, 0x0000000705600000|100%| O|  |TAMS 0x0000000705400000| PB 0x0000000705400000| Untracked 
|   2|0x0000000705600000, 0x0000000705600000, 0x0000000705800000|  0%| F|  |TAMS 0x0000000705600000| PB 0x0000000705600000| Untracked 
|   3|0x0000000705800000, 0x0000000705a00000, 0x0000000705a00000|100%| O|  |TAMS 0x0000000705800000| PB 0x0000000705800000| Untracked 
|   4|0x0000000705a00000, 0x0000000705c00000, 0x0000000705c00000|100%| O|  |TAMS 0x0000000705a00000| PB 0x0000000705a00000| Untracked 
|   5|0x0000000705c00000, 0x0000000705c9d100, 0x0000000705e00000| 30%| O|Cm|TAMS 0x0000000705c00000| PB 0x0000000705c00000| Complete 
|   6|0x0000000705e00000, 0x0000000705e00000, 0x0000000706000000|  0%| F|  |TAMS 0x0000000705e00000| PB 0x0000000705e00000| Untracked 
|   7|0x0000000706000000, 0x0000000706000000, 0x0000000706200000|  0%| F|  |TAMS 0x0000000706000000| PB 0x0000000706000000| Untracked 
|   8|0x0000000706200000, 0x0000000706200000, 0x0000000706400000|  0%| F|  |TAMS 0x0000000706200000| PB 0x0000000706200000| Untracked 
|   9|0x0000000706400000, 0x0000000706400000, 0x0000000706600000|  0%| F|  |TAMS 0x0000000706400000| PB 0x0000000706400000| Untracked 
|  10|0x0000000706600000, 0x0000000706600000, 0x0000000706800000|  0%| F|  |TAMS 0x0000000706600000| PB 0x0000000706600000| Untracked 
|  11|0x0000000706800000, 0x0000000706800000, 0x0000000706a00000|  0%| F|  |TAMS 0x0000000706800000| PB 0x0000000706800000| Untracked 
|  12|0x0000000706a00000, 0x0000000706a00000, 0x0000000706c00000|  0%| F|  |TAMS 0x0000000706a00000| PB 0x0000000706a00000| Untracked 
|  13|0x0000000706c00000, 0x0000000706c00000, 0x0000000706e00000|  0%| F|  |TAMS 0x0000000706c00000| PB 0x0000000706c00000| Untracked 
|  14|0x0000000706e00000, 0x0000000706e00000, 0x0000000707000000|  0%| F|  |TAMS 0x0000000706e00000| PB 0x0000000706e00000| Untracked 
|  15|0x0000000707000000, 0x0000000707000000, 0x0000000707200000|  0%| F|  |TAMS 0x0000000707000000| PB 0x0000000707000000| Untracked 
|  16|0x0000000707200000, 0x0000000707200000, 0x0000000707400000|  0%| F|  |TAMS 0x0000000707200000| PB 0x0000000707200000| Untracked 
|  17|0x0000000707400000, 0x0000000707400000, 0x0000000707600000|  0%| F|  |TAMS 0x0000000707400000| PB 0x0000000707400000| Untracked 
|  18|0x0000000707600000, 0x0000000707600000, 0x0000000707800000|  0%| F|  |TAMS 0x0000000707600000| PB 0x0000000707600000| Untracked 
|  19|0x0000000707800000, 0x0000000707800000, 0x0000000707a00000|  0%| F|  |TAMS 0x0000000707800000| PB 0x0000000707800000| Untracked 
|  20|0x0000000707a00000, 0x0000000707a00000, 0x0000000707c00000|  0%| F|  |TAMS 0x0000000707a00000| PB 0x0000000707a00000| Untracked 
|  21|0x0000000707c00000, 0x0000000707c00000, 0x0000000707e00000|  0%| F|  |TAMS 0x0000000707c00000| PB 0x0000000707c00000| Untracked 
|  22|0x0000000707e00000, 0x0000000707e00000, 0x0000000708000000|  0%| F|  |TAMS 0x0000000707e00000| PB 0x0000000707e00000| Untracked 
|  23|0x0000000708000000, 0x0000000708000000, 0x0000000708200000|  0%| F|  |TAMS 0x0000000708000000| PB 0x0000000708000000| Untracked 
|  24|0x0000000708200000, 0x0000000708200000, 0x0000000708400000|  0%| F|  |TAMS 0x0000000708200000| PB 0x0000000708200000| Untracked 
|  25|0x0000000708400000, 0x0000000708600000, 0x0000000708600000|100%| S|CS|TAMS 0x0000000708400000| PB 0x0000000708400000| Complete 
|  26|0x0000000708600000, 0x0000000708800000, 0x0000000708800000|100%| S|CS|TAMS 0x0000000708600000| PB 0x0000000708600000| Complete 
|  27|0x0000000708800000, 0x0000000708a00000, 0x0000000708a00000|100%| S|CS|TAMS 0x0000000708800000| PB 0x0000000708800000| Complete 
|  28|0x0000000708a00000, 0x0000000708be01d0, 0x0000000708c00000| 93%| S|CS|TAMS 0x0000000708a00000| PB 0x0000000708a00000| Complete 
|  60|0x000000070ca00000, 0x000000070cbe7448, 0x000000070cc00000| 95%| E|  |TAMS 0x000000070ca00000| PB 0x000000070ca00000| Complete 
|  61|0x000000070cc00000, 0x000000070ce00000, 0x000000070ce00000|100%| E|CS|TAMS 0x000000070cc00000| PB 0x000000070cc00000| Complete 
|  62|0x000000070ce00000, 0x000000070d000000, 0x000000070d000000|100%| E|CS|TAMS 0x000000070ce00000| PB 0x000000070ce00000| Complete 
|  63|0x000000070d000000, 0x000000070d200000, 0x000000070d200000|100%| E|CS|TAMS 0x000000070d000000| PB 0x000000070d000000| Complete 
| 125|0x0000000714c00000, 0x0000000714e00000, 0x0000000714e00000|100%| E|CS|TAMS 0x0000000714c00000| PB 0x0000000714c00000| Complete 
|2006|0x00000007ffe00000, 0x00000007ffe88a00, 0x0000000800000000| 26%| O|  |TAMS 0x00000007ffe00000| PB 0x00000007ffe00000| Untracked 

Card table byte_map: [0x000001b516db0000,0x000001b517590000] _byte_map_base: 0x000001b513587000

Marking Bits: (CMBitMap*) 0x000001b50f97a7e0
 Bits: [0x000001b517590000, 0x000001b51b448000)

Polling page: 0x000001b50d5a0000

Metaspace:

Usage:
  Non-class:     28.59 MB used.
      Class:      4.33 MB used.
       Both:     32.92 MB used.

Virtual space:
  Non-class space:       64.00 MB reserved,      28.88 MB ( 45%) committed,  1 nodes.
      Class space:        1.00 GB reserved,       4.56 MB ( <1%) committed,  1 nodes.
             Both:        1.06 GB reserved,      33.44 MB (  3%) committed. 

Chunk freelists:
   Non-Class:  2.22 MB
       Class:  11.47 MB
        Both:  13.69 MB

MaxMetaspaceSize: unlimited
CompressedClassSpaceSize: 1.00 GB
Initial GC threshold: 21.00 MB
Current GC threshold: 47.00 MB
CDS: on
 - commit_granule_bytes: 65536.
 - commit_granule_words: 8192.
 - virtual_space_node_default_size: 8388608.
 - enlarge_chunks_in_place: 1.
 - use_allocation_guard: 0.


Internal statistics:

num_allocs_failed_limit: 3.
num_arena_births: 678.
num_arena_deaths: 0.
num_vsnodes_births: 2.
num_vsnodes_deaths: 0.
num_space_committed: 535.
num_space_uncommitted: 0.
num_chunks_returned_to_freelist: 3.
num_chunks_taken_from_freelist: 1709.
num_chunk_merges: 3.
num_chunk_splits: 1176.
num_chunks_enlarged: 849.
num_inconsistent_stats: 0.

CodeCache: size=49152Kb used=9193Kb max_used=10711Kb free=39958Kb
 bounds [0x000001b5132a0000, 0x000001b513d20000, 0x000001b5162a0000]
 total_blobs=5170 nmethods=4582 adapters=512
 compilation: enabled
              stopped_count=0, restarted_count=0
 full_count=0

Compilation events (20 events):
Event: 15.159 Thread 0x000001b51e1541a0 4611       1       java.io.ObjectStreamClass::writeNonProxy (161 bytes)
Event: 15.159 Thread 0x000001b51e1541a0 nmethod 4611 0x000001b513574a90 code [0x000001b513574d20, 0x000001b5135754a8]
Event: 15.159 Thread 0x000001b51e1541a0 4610       1       java.io.ObjectOutputStream::writeNonProxyDesc (109 bytes)
Event: 15.160 Thread 0x000001b51e1541a0 nmethod 4610 0x000001b513573e90 code [0x000001b5135740e0, 0x000001b513574620]
Event: 15.160 Thread 0x000001b51e1541a0 4612       1       java.io.ObjectOutputStream::isCustomSubclass (21 bytes)
Event: 15.160 Thread 0x000001b51e1541a0 nmethod 4612 0x000001b513573b10 code [0x000001b513573ca0, 0x000001b513573db0]
Event: 15.709 Thread 0x000001b51e1541a0 4613       1       java.lang.Long::stringSize (55 bytes)
Event: 15.709 Thread 0x000001b51e1541a0 nmethod 4613 0x000001b513573790 code [0x000001b513573920, 0x000001b513573a70]
Event: 15.709 Thread 0x000001b51e1541a0 4614       1       java.lang.Long::getChars (195 bytes)
Event: 15.710 Thread 0x000001b51e1541a0 nmethod 4614 0x000001b513572e10 code [0x000001b513572fe0, 0x000001b5135733f8]
Event: 15.710 Thread 0x000001b51e1541a0 4615       1       sun.rmi.server.MarshalOutputStream::annotateClass (9 bytes)
Event: 15.710 Thread 0x000001b51e1541a0 nmethod 4615 0x000001b513572a10 code [0x000001b513572bc0, 0x000001b513572ce0]
Event: 15.710 Thread 0x000001b51e1541a0 4616       1       java.rmi.server.RMIClassLoader::getClassAnnotation (8 bytes)
Event: 15.710 Thread 0x000001b51e1541a0 nmethod 4616 0x000001b513572710 code [0x000001b5135728c0, 0x000001b513572988]
Event: 15.710 Thread 0x000001b51e1541a0 4617       1       java.rmi.server.RMIClassLoader$2::getClassAnnotation (5 bytes)
Event: 15.710 Thread 0x000001b51e1541a0 nmethod 4617 0x000001b513572410 code [0x000001b5135725c0, 0x000001b5135726b0]
Event: 15.710 Thread 0x000001b51e1541a0 4618   !   1       sun.rmi.server.LoaderHandler::getClassAnnotation (234 bytes)
Event: 15.711 Thread 0x000001b51e1541a0 nmethod 4618 0x000001b513571190 code [0x000001b513571400, 0x000001b513571d28]
Event: 15.711 Thread 0x000001b51e1541a0 4619       1       sun.rmi.server.MarshalOutputStream::writeLocation (6 bytes)
Event: 15.711 Thread 0x000001b51e1541a0 nmethod 4619 0x000001b513570e10 code [0x000001b513570fc0, 0x000001b5135710b8]

GC Heap History (18 events):
Event: 0.398 GC heap before
{Heap before GC invocations=0 (full 0):
 garbage-first heap   total 258048K, used 20480K [0x0000000705200000, 0x0000000800000000)
  region size 2048K, 11 young (22528K), 0 survivors (0K)
 Metaspace       used 6662K, committed 6848K, reserved 1114112K
  class space    used 749K, committed 832K, reserved 1048576K
}
Event: 0.401 GC heap after
{Heap after GC invocations=1 (full 0):
 garbage-first heap   total 258048K, used 5041K [0x0000000705200000, 0x0000000800000000)
  region size 2048K, 2 young (4096K), 2 survivors (4096K)
 Metaspace       used 6662K, committed 6848K, reserved 1114112K
  class space    used 749K, committed 832K, reserved 1048576K
}
Event: 0.594 GC heap before
{Heap before GC invocations=1 (full 0):
 garbage-first heap   total 258048K, used 35761K [0x0000000705200000, 0x0000000800000000)
  region size 2048K, 17 young (34816K), 2 survivors (4096K)
 Metaspace       used 10188K, committed 10560K, reserved 1114112K
  class space    used 1212K, committed 1408K, reserved 1048576K
}
Event: 0.597 GC heap after
{Heap after GC invocations=2 (full 0):
 garbage-first heap   total 258048K, used 6849K [0x0000000705200000, 0x0000000800000000)
  region size 2048K, 1 young (2048K), 1 survivors (2048K)
 Metaspace       used 10188K, committed 10560K, reserved 1114112K
  class space    used 1212K, committed 1408K, reserved 1048576K
}
Event: 0.877 GC heap before
{Heap before GC invocations=2 (full 0):
 garbage-first heap   total 258048K, used 72385K [0x0000000705200000, 0x0000000800000000)
  region size 2048K, 35 young (71680K), 1 survivors (2048K)
 Metaspace       used 16711K, committed 17088K, reserved 1114112K
  class space    used 2121K, committed 2304K, reserved 1048576K
}
Event: 0.880 GC heap after
{Heap after GC invocations=3 (full 0):
 garbage-first heap   total 258048K, used 9180K [0x0000000705200000, 0x0000000800000000)
  region size 2048K, 2 young (4096K), 2 survivors (4096K)
 Metaspace       used 16711K, committed 17088K, reserved 1114112K
  class space    used 2121K, committed 2304K, reserved 1048576K
}
Event: 0.930 GC heap before
{Heap before GC invocations=4 (full 0):
 garbage-first heap   total 34816K, used 33756K [0x0000000705200000, 0x0000000800000000)
  region size 2048K, 14 young (28672K), 2 survivors (4096K)
 Metaspace       used 18667K, committed 19072K, reserved 1114112K
  class space    used 2372K, committed 2560K, reserved 1048576K
}
Event: 0.932 GC heap after
{Heap after GC invocations=5 (full 0):
 garbage-first heap   total 40960K, used 9421K [0x0000000705200000, 0x0000000800000000)
  region size 2048K, 3 young (6144K), 3 survivors (6144K)
 Metaspace       used 18667K, committed 19072K, reserved 1114112K
  class space    used 2372K, committed 2560K, reserved 1048576K
}
Event: 0.965 GC heap before
{Heap before GC invocations=5 (full 0):
 garbage-first heap   total 40960K, used 27853K [0x0000000705200000, 0x0000000800000000)
  region size 2048K, 12 young (24576K), 3 survivors (6144K)
 Metaspace       used 19990K, committed 20352K, reserved 1114112K
  class space    used 2550K, committed 2752K, reserved 1048576K
}
Event: 0.968 GC heap after
{Heap after GC invocations=6 (full 0):
 garbage-first heap   total 40960K, used 9865K [0x0000000705200000, 0x0000000800000000)
  region size 2048K, 1 young (2048K), 1 survivors (2048K)
 Metaspace       used 19990K, committed 20352K, reserved 1114112K
  class space    used 2550K, committed 2752K, reserved 1048576K
}
Event: 1.042 GC heap before
{Heap before GC invocations=6 (full 0):
 garbage-first heap   total 40960K, used 28297K [0x0000000705200000, 0x0000000800000000)
  region size 2048K, 11 young (22528K), 1 survivors (2048K)
 Metaspace       used 21581K, committed 21952K, reserved 1114112K
  class space    used 2771K, committed 2944K, reserved 1048576K
}
Event: 1.043 GC heap after
{Heap after GC invocations=7 (full 0):
 garbage-first heap   total 149504K, used 11042K [0x0000000705200000, 0x0000000800000000)
  region size 2048K, 2 young (4096K), 2 survivors (4096K)
 Metaspace       used 21581K, committed 21952K, reserved 1114112K
  class space    used 2771K, committed 2944K, reserved 1048576K
}
Event: 1.580 GC heap before
{Heap before GC invocations=7 (full 0):
 garbage-first heap   total 149504K, used 92962K [0x0000000705200000, 0x0000000800000000)
  region size 2048K, 43 young (88064K), 2 survivors (4096K)
 Metaspace       used 26994K, committed 27520K, reserved 1114112K
  class space    used 3596K, committed 3840K, reserved 1048576K
}
Event: 1.583 GC heap after
{Heap after GC invocations=8 (full 0):
 garbage-first heap   total 149504K, used 15172K [0x0000000705200000, 0x0000000800000000)
  region size 2048K, 4 young (8192K), 4 survivors (8192K)
 Metaspace       used 26994K, committed 27520K, reserved 1114112K
  class space    used 3596K, committed 3840K, reserved 1048576K
}
Event: 1.666 GC heap before
{Heap before GC invocations=8 (full 0):
 garbage-first heap   total 149504K, used 31556K [0x0000000705200000, 0x0000000800000000)
  region size 2048K, 13 young (26624K), 4 survivors (8192K)
 Metaspace       used 28277K, committed 28736K, reserved 1114112K
  class space    used 3716K, committed 3968K, reserved 1048576K
}
Event: 1.669 GC heap after
{Heap after GC invocations=9 (full 0):
 garbage-first heap   total 149504K, used 16091K [0x0000000705200000, 0x0000000800000000)
  region size 2048K, 4 young (8192K), 4 survivors (8192K)
 Metaspace       used 28277K, committed 28736K, reserved 1114112K
  class space    used 3716K, committed 3968K, reserved 1048576K
}
Event: 1.905 GC heap before
{Heap before GC invocations=10 (full 0):
 garbage-first heap   total 61440K, used 59099K [0x0000000705200000, 0x0000000800000000)
  region size 2048K, 25 young (51200K), 4 survivors (8192K)
 Metaspace       used 33504K, committed 33984K, reserved 1114112K
  class space    used 4405K, committed 4608K, reserved 1048576K
}
Event: 1.909 GC heap after
{Heap after GC invocations=11 (full 0):
 garbage-first heap   total 71680K, used 17431K [0x0000000705200000, 0x0000000800000000)
  region size 2048K, 4 young (8192K), 4 survivors (8192K)
 Metaspace       used 33504K, committed 33984K, reserved 1114112K
  class space    used 4405K, committed 4608K, reserved 1048576K
}

Dll operation events (12 events):
Event: 0.007 Loaded shared library D:\유영아\5_spring\ex_new\sts-4.29.1.RELEASE\plugins\org.eclipse.justj.openjdk.hotspot.jre.full.win32.x86_64_21.0.6.v20250130-0529\jre\bin\java.dll
Event: 0.028 Loaded shared library D:\유영아\5_spring\ex_new\sts-4.29.1.RELEASE\plugins\org.eclipse.justj.openjdk.hotspot.jre.full.win32.x86_64_21.0.6.v20250130-0529\jre\bin\zip.dll
Event: 0.103 Loaded shared library D:\유영아\5_spring\ex_new\sts-4.29.1.RELEASE\plugins\org.eclipse.justj.openjdk.hotspot.jre.full.win32.x86_64_21.0.6.v20250130-0529\jre\bin\instrument.dll
Event: 0.107 Loaded shared library D:\유영아\5_spring\ex_new\sts-4.29.1.RELEASE\plugins\org.eclipse.justj.openjdk.hotspot.jre.full.win32.x86_64_21.0.6.v20250130-0529\jre\bin\net.dll
Event: 0.107 Loaded shared library D:\유영아\5_spring\ex_new\sts-4.29.1.RELEASE\plugins\org.eclipse.justj.openjdk.hotspot.jre.full.win32.x86_64_21.0.6.v20250130-0529\jre\bin\nio.dll
Event: 0.110 Loaded shared library D:\유영아\5_spring\ex_new\sts-4.29.1.RELEASE\plugins\org.eclipse.justj.openjdk.hotspot.jre.full.win32.x86_64_21.0.6.v20250130-0529\jre\bin\zip.dll
Event: 0.191 Loaded shared library D:\유영아\5_spring\ex_new\sts-4.29.1.RELEASE\plugins\org.eclipse.justj.openjdk.hotspot.jre.full.win32.x86_64_21.0.6.v20250130-0529\jre\bin\jimage.dll
Event: 0.236 Loaded shared library D:\유영아\5_spring\ex_new\sts-4.29.1.RELEASE\plugins\org.eclipse.justj.openjdk.hotspot.jre.full.win32.x86_64_21.0.6.v20250130-0529\jre\bin\management.dll
Event: 0.245 Loaded shared library D:\유영아\5_spring\ex_new\sts-4.29.1.RELEASE\plugins\org.eclipse.justj.openjdk.hotspot.jre.full.win32.x86_64_21.0.6.v20250130-0529\jre\bin\management_ext.dll
Event: 0.377 Loaded shared library D:\유영아\5_spring\ex_new\sts-4.29.1.RELEASE\plugins\org.eclipse.justj.openjdk.hotspot.jre.full.win32.x86_64_21.0.6.v20250130-0529\jre\bin\extnet.dll
Event: 0.392 Loaded shared library D:\유영아\5_spring\ex_new\sts-4.29.1.RELEASE\plugins\org.eclipse.justj.openjdk.hotspot.jre.full.win32.x86_64_21.0.6.v20250130-0529\jre\bin\verify.dll
Event: 1.026 Loaded shared library D:\유영아\5_spring\ex_new\sts-4.29.1.RELEASE\plugins\org.eclipse.justj.openjdk.hotspot.jre.full.win32.x86_64_21.0.6.v20250130-0529\jre\bin\sunmscapi.dll

Deoptimization events (20 events):
Event: 14.655 Thread 0x000001b5647fa390 DEOPT PACKING pc=0x000001b513588bf4 sp=0x000000b1923feb60
Event: 14.655 Thread 0x000001b5647fa390 DEOPT UNPACKING pc=0x000001b5132f4e42 sp=0x000000b1923fe050 mode 1
Event: 15.158 Thread 0x000001b5647fa390 DEOPT PACKING pc=0x000001b513593994 sp=0x000000b1923fe9b0
Event: 15.158 Thread 0x000001b5647fa390 DEOPT UNPACKING pc=0x000001b5132f4e42 sp=0x000000b1923fdeb0 mode 1
Event: 15.158 Thread 0x000001b5647fa390 DEOPT PACKING pc=0x000001b513588bf4 sp=0x000000b1923feb60
Event: 15.158 Thread 0x000001b5647fa390 DEOPT UNPACKING pc=0x000001b5132f4e42 sp=0x000000b1923fe050 mode 1
Event: 15.709 Thread 0x000001b5647fa390 DEOPT PACKING pc=0x000001b513593994 sp=0x000000b1923fe9b0
Event: 15.709 Thread 0x000001b5647fa390 DEOPT UNPACKING pc=0x000001b5132f4e42 sp=0x000000b1923fdeb0 mode 1
Event: 15.709 Thread 0x000001b5647fa390 DEOPT PACKING pc=0x000001b513588bf4 sp=0x000000b1923feb60
Event: 15.709 Thread 0x000001b5647fa390 DEOPT UNPACKING pc=0x000001b5132f4e42 sp=0x000000b1923fe050 mode 1
Event: 16.224 Thread 0x000001b5647fa390 DEOPT PACKING pc=0x000001b513593994 sp=0x000000b1923fe9b0
Event: 16.224 Thread 0x000001b5647fa390 DEOPT UNPACKING pc=0x000001b5132f4e42 sp=0x000000b1923fdeb0 mode 1
Event: 16.224 Thread 0x000001b5647fa390 DEOPT PACKING pc=0x000001b513588bf4 sp=0x000000b1923feb60
Event: 16.224 Thread 0x000001b5647fa390 DEOPT UNPACKING pc=0x000001b5132f4e42 sp=0x000000b1923fe050 mode 1
Event: 16.732 Thread 0x000001b5647fa390 DEOPT PACKING pc=0x000001b513593994 sp=0x000000b1923fe9b0
Event: 16.732 Thread 0x000001b5647fa390 DEOPT UNPACKING pc=0x000001b5132f4e42 sp=0x000000b1923fdeb0 mode 1
Event: 16.732 Thread 0x000001b5647fa390 DEOPT PACKING pc=0x000001b513588bf4 sp=0x000000b1923feb60
Event: 16.732 Thread 0x000001b5647fa390 DEOPT UNPACKING pc=0x000001b5132f4e42 sp=0x000000b1923fe050 mode 1
Event: 16.749 Thread 0x000001b56814c9a0 DEOPT PACKING pc=0x000001b5136e4cb4 sp=0x000000b1926fe1a0
Event: 16.749 Thread 0x000001b56814c9a0 DEOPT UNPACKING pc=0x000001b5132f4e42 sp=0x000000b1926fd658 mode 0

Classes loaded (20 events):
Event: 1.864 Loading class com/sun/org/apache/xml/internal/dtm/ref/DTMNodeList
Event: 1.865 Loading class com/sun/org/apache/xml/internal/dtm/ref/DTMNodeListBase
Event: 1.865 Loading class com/sun/org/apache/xml/internal/dtm/ref/DTMNodeListBase done
Event: 1.865 Loading class com/sun/org/apache/xml/internal/dtm/ref/DTMNodeList done
Event: 1.865 Loading class com/sun/org/apache/xpath/internal/axes/NodeSequence$IteratorCache
Event: 1.865 Loading class com/sun/org/apache/xpath/internal/axes/NodeSequence$IteratorCache done
Event: 1.865 Loading class com/sun/org/apache/xpath/internal/axes/UnionPathIterator
Event: 1.866 Loading class com/sun/org/apache/xpath/internal/axes/UnionPathIterator done
Event: 1.866 Loading class com/sun/org/apache/xpath/internal/axes/HasPositionalPredChecker
Event: 1.866 Loading class com/sun/org/apache/xpath/internal/XPathVisitor
Event: 1.866 Loading class com/sun/org/apache/xpath/internal/XPathVisitor done
Event: 1.866 Loading class com/sun/org/apache/xpath/internal/axes/HasPositionalPredChecker done
Event: 1.866 Loading class com/sun/org/apache/xpath/internal/axes/UnionChildIterator
Event: 1.866 Loading class com/sun/org/apache/xpath/internal/axes/UnionChildIterator done
Event: 1.897 Loading class sun/reflect/annotation/AnnotationSupport
Event: 1.897 Loading class sun/reflect/annotation/AnnotationSupport done
Event: 1.929 Loading class java/lang/foreign/ValueLayout
Event: 1.929 Loading class java/lang/foreign/MemoryLayout
Event: 1.930 Loading class java/lang/foreign/MemoryLayout done
Event: 1.930 Loading class java/lang/foreign/ValueLayout done

Classes unloaded (0 events):
No events

Classes redefined (1 events):
Event: 16.758 Thread 0x000001b51e1262a0 redefined class name=com.example.lesson05.Lesson05Controller, count=1

Internal exceptions (20 events):
Event: 1.457 Thread 0x000001b56814c9a0 Exception <a 'java/lang/NoSuchMethodError'{0x000000070a5daa28}: 'java.lang.Object java.lang.invoke.DirectMethodHandle$Holder.invokeVirtual(java.lang.Object, java.lang.Object, java.lang.Object, java.lang.Object, java.lang.Object)'> (0x000000070a5daa28) 
thrown [s\src\hotspot\share\interpreter\linkResolver.cpp, line 773]
Event: 1.492 Thread 0x000001b56814c9a0 Exception <a 'java/lang/NoSuchMethodError'{0x0000000709d06140}: 'java.lang.Object java.lang.invoke.DirectMethodHandle$Holder.invokeVirtual(java.lang.Object, java.lang.Object, java.lang.Object, java.lang.Object, java.lang.Object, java.lang.Object)'> (0x0000000709d06140) 
thrown [s\src\hotspot\share\interpreter\linkResolver.cpp, line 773]
Event: 1.508 Thread 0x000001b56814c9a0 Exception <a 'java/lang/NoSuchMethodError'{0x0000000709b06d98}: 'void java.lang.invoke.DirectMethodHandle$Holder.invokeInterface(java.lang.Object, java.lang.Object, int)'> (0x0000000709b06d98) 
thrown [s\src\hotspot\share\interpreter\linkResolver.cpp, line 773]
Event: 1.510 Thread 0x000001b56814c9a0 Exception <a 'java/lang/NoSuchMethodError'{0x0000000709b1cff0}: 'int java.lang.invoke.DirectMethodHandle$Holder.invokeVirtual(java.lang.Object, java.lang.Object)'> (0x0000000709b1cff0) 
thrown [s\src\hotspot\share\interpreter\linkResolver.cpp, line 773]
Event: 1.512 Thread 0x000001b56814c9a0 Exception <a 'java/lang/IncompatibleClassChangeError'{0x0000000709b4dd58}: Found class java.lang.Object, but interface was expected> (0x0000000709b4dd58) 
thrown [s\src\hotspot\share\interpreter\linkResolver.cpp, line 840]
Event: 1.513 Thread 0x000001b56814c9a0 Exception <a 'java/lang/NoSuchMethodError'{0x0000000709b6c5d0}: 'void java.lang.invoke.DirectMethodHandle$Holder.invokeStatic(java.lang.Object, int, java.lang.Object)'> (0x0000000709b6c5d0) 
thrown [s\src\hotspot\share\interpreter\linkResolver.cpp, line 773]
Event: 1.532 Thread 0x000001b56814c9a0 Exception <a 'java/lang/NoSuchMethodError'{0x0000000709893a68}: 'int java.lang.invoke.DirectMethodHandle$Holder.invokeSpecial(java.lang.Object, java.lang.Object, int)'> (0x0000000709893a68) 
thrown [s\src\hotspot\share\interpreter\linkResolver.cpp, line 773]
Event: 1.533 Thread 0x000001b56814c9a0 Exception <a 'java/lang/NoSuchMethodError'{0x00000007098a6578}: 'void java.lang.invoke.DirectMethodHandle$Holder.invokeStatic(java.lang.Object, java.lang.Object, java.lang.Object, int, java.lang.Object)'> (0x00000007098a6578) 
thrown [s\src\hotspot\share\interpreter\linkResolver.cpp, line 773]
Event: 1.533 Thread 0x000001b56814c9a0 Exception <a 'java/lang/NoSuchMethodError'{0x00000007098acf18}: 'java.lang.Object java.lang.invoke.DirectMethodHandle$Holder.newInvokeSpecial(java.lang.Object, java.lang.Object, java.lang.Object, int)'> (0x00000007098acf18) 
thrown [s\src\hotspot\share\interpreter\linkResolver.cpp, line 773]
Event: 1.533 Thread 0x000001b56814c9a0 Exception <a 'java/lang/NoSuchMethodError'{0x00000007098b0e68}: 'java.lang.Object java.lang.invoke.DirectMethodHandle$Holder.invokeSpecial(java.lang.Object, java.lang.Object, java.lang.Object, java.lang.Object, int)'> (0x00000007098b0e68) 
thrown [s\src\hotspot\share\interpreter\linkResolver.cpp, line 773]
Event: 1.533 Thread 0x000001b56814c9a0 Exception <a 'java/lang/NoSuchMethodError'{0x00000007098b4310}: 'java.lang.Object java.lang.invoke.Invokers$Holder.linkToTargetMethod(java.lang.Object, java.lang.Object, int, java.lang.Object)'> (0x00000007098b4310) 
thrown [s\src\hotspot\share\interpreter\linkResolver.cpp, line 773]
Event: 1.644 Thread 0x000001b56814c9a0 Exception <a 'java/lang/NoSuchMethodError'{0x000000070d6d4cd0}: 'int java.lang.invoke.DirectMethodHandle$Holder.invokeVirtual(java.lang.Object, java.lang.Object, java.lang.Object, java.lang.Object)'> (0x000000070d6d4cd0) 
thrown [s\src\hotspot\share\interpreter\linkResolver.cpp, line 773]
Event: 1.645 Thread 0x000001b56814c9a0 Exception <a 'java/lang/NoSuchMethodError'{0x000000070d6d87c8}: 'int java.lang.invoke.DelegatingMethodHandle$Holder.reinvoke_L(java.lang.Object, java.lang.Object, java.lang.Object, java.lang.Object)'> (0x000000070d6d87c8) 
thrown [s\src\hotspot\share\interpreter\linkResolver.cpp, line 773]
Event: 1.659 Thread 0x000001b56814c9a0 Exception <a 'java/io/FileNotFoundException'{0x000000070d532590}> (0x000000070d532590) 
thrown [s\src\hotspot\share\prims\jni.cpp, line 520]
Event: 1.687 Thread 0x000001b56814c9a0 Exception <a 'java/lang/NoSuchMethodError'{0x00000007082ad9c8}: 'int java.lang.invoke.DirectMethodHandle$Holder.invokeInterface(java.lang.Object, java.lang.Object, java.lang.Object, java.lang.Object)'> (0x00000007082ad9c8) 
thrown [s\src\hotspot\share\interpreter\linkResolver.cpp, line 773]
Event: 1.714 Thread 0x000001b56814c9a0 Exception <a 'java/lang/NoSuchMethodError'{0x0000000707e79330}: 'long java.lang.invoke.DirectMethodHandle$Holder.invokeVirtual(java.lang.Object, java.lang.Object)'> (0x0000000707e79330) 
thrown [s\src\hotspot\share\interpreter\linkResolver.cpp, line 773]
Event: 1.717 Thread 0x000001b56814c9a0 Exception <a 'java/io/FileNotFoundException'{0x0000000707eeeb88}> (0x0000000707eeeb88) 
thrown [s\src\hotspot\share\prims\jni.cpp, line 520]
Event: 1.760 Thread 0x000001b56814c9a0 Exception <a 'java/lang/NoSuchMethodError'{0x00000007077a4b20}: 'void java.lang.invoke.Invokers$Holder.invokeExact_MT(java.lang.Object, java.lang.Object, java.lang.Object, java.lang.Object)'> (0x00000007077a4b20) 
thrown [s\src\hotspot\share\interpreter\linkResolver.cpp, line 773]
Event: 1.784 Thread 0x000001b56814c9a0 Exception <a 'java/lang/NoSuchMethodError'{0x000000070733f750}: 'java.lang.Object java.lang.invoke.DirectMethodHandle$Holder.newInvokeSpecial(java.lang.Object, java.lang.Object, java.lang.Object, java.lang.Object, java.lang.Object, java.lang.Object, java.lang.Object, java.lang.Object, java.lang.Object)'> (0x000000070733f750) 
thrown [s\src\hotspot\share\interpreter\linkResolver.cpp, line 773]
Event: 1.913 Thread 0x000001b56814c9a0 Exception <a 'java/lang/NoSuchMethodError'{0x0000000714c9f318}: 'int java.lang.invoke.Invokers$Holder.invokeExact_MT(java.lang.Object, java.lang.Object, java.lang.Object)'> (0x0000000714c9f318) 
thrown [s\src\hotspot\share\interpreter\linkResolver.cpp, line 773]

ZGC Phase Switch (0 events):
No events

VM Operations (20 events):
Event: 9.069 Executing VM operation: get/set locals
Event: 9.069 Executing VM operation: get/set locals done
Event: 9.069 Executing VM operation: get/set locals
Event: 9.069 Executing VM operation: get/set locals done
Event: 9.070 Executing VM operation: get/set locals
Event: 9.070 Executing VM operation: get/set locals done
Event: 9.070 Executing VM operation: get/set locals
Event: 9.070 Executing VM operation: get/set locals done
Event: 11.084 Executing VM operation: Cleanup
Event: 11.084 Executing VM operation: Cleanup done
Event: 16.128 Executing VM operation: Cleanup
Event: 16.128 Executing VM operation: Cleanup done
Event: 16.749 Executing VM operation: ChangeSingleStep
Event: 16.749 Executing VM operation: ChangeSingleStep done
Event: 16.749 Executing VM operation: ChangeSingleStep
Event: 16.749 Executing VM operation: ChangeSingleStep done
Event: 16.756 Executing VM operation: RedefineClasses
Event: 16.765 Executing VM operation: RedefineClasses done
Event: 16.766 Executing VM operation: ChangeSingleStep
Event: 16.766 Executing VM operation: ChangeSingleStep done

Memory protections (0 events):
No events

Nmethod flushes (20 events):
Event: 1.675 Thread 0x000001b51e1262a0 flushing  nmethod 0x000001b513944d10
Event: 1.675 Thread 0x000001b51e1262a0 flushing  nmethod 0x000001b5135c5a90
Event: 1.675 Thread 0x000001b51e1262a0 flushing  nmethod 0x000001b5136edd90
Event: 1.675 Thread 0x000001b51e1262a0 flushing  nmethod 0x000001b5136f3810
Event: 1.675 Thread 0x000001b51e1262a0 flushing  nmethod 0x000001b513931410
Event: 1.675 Thread 0x000001b51e1262a0 flushing  nmethod 0x000001b5135a0410
Event: 1.675 Thread 0x000001b51e1262a0 flushing  nmethod 0x000001b5135dc390
Event: 1.675 Thread 0x000001b51e1262a0 flushing  nmethod 0x000001b5135dd790
Event: 1.675 Thread 0x000001b51e1262a0 flushing  nmethod 0x000001b51365c710
Event: 1.675 Thread 0x000001b51e1262a0 flushing  nmethod 0x000001b51365df10
Event: 1.675 Thread 0x000001b51e1262a0 flushing  nmethod 0x000001b51365e310
Event: 1.675 Thread 0x000001b51e1262a0 flushing  nmethod 0x000001b51368a090
Event: 1.675 Thread 0x000001b51e1262a0 flushing  nmethod 0x000001b5136c2490
Event: 1.675 Thread 0x000001b51e1262a0 flushing  nmethod 0x000001b5136ebc10
Event: 1.675 Thread 0x000001b51e1262a0 flushing  nmethod 0x000001b513703790
Event: 1.675 Thread 0x000001b51e1262a0 flushing  nmethod 0x000001b5138d4b90
Event: 1.675 Thread 0x000001b51e1262a0 flushing  nmethod 0x000001b513937e10
Event: 1.675 Thread 0x000001b51e1262a0 flushing  nmethod 0x000001b5136cf710
Event: 1.675 Thread 0x000001b51e1262a0 flushing  nmethod 0x000001b5136d0990
Event: 1.675 Thread 0x000001b51e1262a0 flushing  nmethod 0x000001b513791910

Events (20 events):
Event: 0.378 Thread 0x000001b50f9155d0 Thread added: 0x000001b56413d840
Event: 0.388 Thread 0x000001b50f9155d0 Thread added: 0x000001b5642f9e60
Event: 0.424 Thread 0x000001b50f9155d0 Thread added: 0x000001b5643d8ae0
Event: 0.543 Thread 0x000001b5642f9e60 Thread added: 0x000001b5647a1a40
Event: 0.552 Thread 0x000001b5647a1a40 Thread added: 0x000001b5647fe630
Event: 0.555 Thread 0x000001b56413d840 Thread added: 0x000001b5647fa390
Event: 0.562 Thread 0x000001b5647fa390 Thread added: 0x000001b5680fc480
Event: 0.584 Thread 0x000001b50f9155d0 Thread added: 0x000001b56814dd50
Event: 0.585 Thread 0x000001b56814dd50 Thread added: 0x000001b56814c9a0
Event: 0.804 Thread 0x000001b56814c9a0 Thread added: 0x000001b56814d030
Event: 1.010 Thread 0x000001b56814c9a0 Thread added: 0x000001b56814d6c0
Event: 1.029 Thread 0x000001b56814d030 Thread exited: 0x000001b56814d030
Event: 1.051 Thread 0x000001b56814d6c0 Thread exited: 0x000001b56814d6c0
Event: 1.722 Thread 0x000001b56814c9a0 Thread added: 0x000001b56814d6c0
Event: 1.722 Thread 0x000001b56814d6c0 Thread added: 0x000001b56814d030
Event: 1.725 Thread 0x000001b56814c9a0 Thread added: 0x000001b568ee7480
Event: 1.744 Thread 0x000001b56814c9a0 Thread added: 0x000001b568ee7b10
Event: 2.584 Thread 0x000001b51e252b50 Thread exited: 0x000001b51e252b50
Event: 3.087 Thread 0x000001b51e2524b0 Thread exited: 0x000001b51e2524b0
Event: 3.592 Thread 0x000001b51e244ab0 Thread exited: 0x000001b51e244ab0


Dynamic libraries:
0x00007ff7d7cf0000 - 0x00007ff7d7cfe000 	D:\유영아\5_spring\ex_new\sts-4.29.1.RELEASE\plugins\org.eclipse.justj.openjdk.hotspot.jre.full.win32.x86_64_21.0.6.v20250130-0529\jre\bin\javaw.exe
0x00007ffd031f0000 - 0x00007ffd033e8000 	C:\WINDOWS\SYSTEM32\ntdll.dll
0x00007ffd02220000 - 0x00007ffd022e2000 	C:\WINDOWS\System32\KERNEL32.DLL
0x00007ffd00dc0000 - 0x00007ffd010b6000 	C:\WINDOWS\System32\KERNELBASE.dll
0x00007ffd008e0000 - 0x00007ffd009e0000 	C:\WINDOWS\System32\ucrtbase.dll
0x00007ffcd5ea0000 - 0x00007ffcd5eb8000 	D:\유영아\5_spring\ex_new\sts-4.29.1.RELEASE\plugins\org.eclipse.justj.openjdk.hotspot.jre.full.win32.x86_64_21.0.6.v20250130-0529\jre\bin\jli.dll
0x00007ffcd6600000 - 0x00007ffcd661e000 	D:\유영아\5_spring\ex_new\sts-4.29.1.RELEASE\plugins\org.eclipse.justj.openjdk.hotspot.jre.full.win32.x86_64_21.0.6.v20250130-0529\jre\bin\VCRUNTIME140.dll
0x00007ffd024e0000 - 0x00007ffd0267d000 	C:\WINDOWS\System32\USER32.dll
0x00007ffd008b0000 - 0x00007ffd008d2000 	C:\WINDOWS\System32\win32u.dll
0x00007ffd01d70000 - 0x00007ffd01d9b000 	C:\WINDOWS\System32\GDI32.dll
0x00007ffd00c10000 - 0x00007ffd00d2a000 	C:\WINDOWS\System32\gdi32full.dll
0x00007ffd010c0000 - 0x00007ffd0115d000 	C:\WINDOWS\System32\msvcp_win.dll
0x00007ffcee790000 - 0x00007ffceea2a000 	C:\WINDOWS\WinSxS\amd64_microsoft.windows.common-controls_6595b64144ccf1df_6.0.19041.4355_none_60b8b9eb71f62e16\COMCTL32.dll
0x00007ffd029e0000 - 0x00007ffd02a7e000 	C:\WINDOWS\System32\msvcrt.dll
0x00007ffd02fc0000 - 0x00007ffd02fef000 	C:\WINDOWS\System32\IMM32.DLL
0x00007ffce0f90000 - 0x00007ffce0f9c000 	D:\유영아\5_spring\ex_new\sts-4.29.1.RELEASE\plugins\org.eclipse.justj.openjdk.hotspot.jre.full.win32.x86_64_21.0.6.v20250130-0529\jre\bin\vcruntime140_1.dll
0x00007ffcc9430000 - 0x00007ffcc94bd000 	D:\유영아\5_spring\ex_new\sts-4.29.1.RELEASE\plugins\org.eclipse.justj.openjdk.hotspot.jre.full.win32.x86_64_21.0.6.v20250130-0529\jre\bin\msvcp140.dll
0x00007ffc6f510000 - 0x00007ffc702a0000 	D:\유영아\5_spring\ex_new\sts-4.29.1.RELEASE\plugins\org.eclipse.justj.openjdk.hotspot.jre.full.win32.x86_64_21.0.6.v20250130-0529\jre\bin\server\jvm.dll
0x00007ffd01cc0000 - 0x00007ffd01d6f000 	C:\WINDOWS\System32\ADVAPI32.dll
0x00007ffd02680000 - 0x00007ffd0271f000 	C:\WINDOWS\System32\sechost.dll
0x00007ffd02ff0000 - 0x00007ffd03113000 	C:\WINDOWS\System32\RPCRT4.dll
0x00007ffd00880000 - 0x00007ffd008a7000 	C:\WINDOWS\System32\bcrypt.dll
0x00007ffd022f0000 - 0x00007ffd0235b000 	C:\WINDOWS\System32\WS2_32.dll
0x00007ffd006e0000 - 0x00007ffd0072b000 	C:\WINDOWS\SYSTEM32\POWRPROF.dll
0x00007ffceefa0000 - 0x00007ffceefc7000 	C:\WINDOWS\SYSTEM32\WINMM.dll
0x00007ffcfb750000 - 0x00007ffcfb75a000 	C:\WINDOWS\SYSTEM32\VERSION.dll
0x00007ffd006c0000 - 0x00007ffd006d2000 	C:\WINDOWS\SYSTEM32\UMPDC.dll
0x00007ffcfe720000 - 0x00007ffcfe732000 	C:\WINDOWS\SYSTEM32\kernel.appcore.dll
0x00007ffcf72a0000 - 0x00007ffcf72aa000 	D:\유영아\5_spring\ex_new\sts-4.29.1.RELEASE\plugins\org.eclipse.justj.openjdk.hotspot.jre.full.win32.x86_64_21.0.6.v20250130-0529\jre\bin\jimage.dll
0x00007ffceefd0000 - 0x00007ffcef1b4000 	C:\WINDOWS\SYSTEM32\DBGHELP.DLL
0x00007ffcedd40000 - 0x00007ffcedd74000 	C:\WINDOWS\SYSTEM32\dbgcore.DLL
0x00007ffd00d30000 - 0x00007ffd00db2000 	C:\WINDOWS\System32\bcryptPrimitives.dll
0x00007ffceeea0000 - 0x00007ffceeedc000 	D:\유영아\5_spring\ex_new\sts-4.29.1.RELEASE\plugins\org.eclipse.justj.openjdk.hotspot.jre.full.win32.x86_64_21.0.6.v20250130-0529\jre\bin\jdwp.dll
0x00007ffcf8140000 - 0x00007ffcf814f000 	D:\유영아\5_spring\ex_new\sts-4.29.1.RELEASE\plugins\org.eclipse.justj.openjdk.hotspot.jre.full.win32.x86_64_21.0.6.v20250130-0529\jre\bin\instrument.dll
0x00007ffcdc5a0000 - 0x00007ffcdc5bf000 	D:\유영아\5_spring\ex_new\sts-4.29.1.RELEASE\plugins\org.eclipse.justj.openjdk.hotspot.jre.full.win32.x86_64_21.0.6.v20250130-0529\jre\bin\java.dll
0x00007ffd01210000 - 0x00007ffd0197f000 	C:\WINDOWS\System32\SHELL32.dll
0x00007ffcfe920000 - 0x00007ffcff0c3000 	C:\WINDOWS\SYSTEM32\windows.storage.dll
0x00007ffd02bb0000 - 0x00007ffd02f05000 	C:\WINDOWS\System32\combase.dll
0x00007ffd001e0000 - 0x00007ffd0020b000 	C:\WINDOWS\SYSTEM32\Wldp.dll
0x00007ffd02800000 - 0x00007ffd028cd000 	C:\WINDOWS\System32\OLEAUT32.dll
0x00007ffd02930000 - 0x00007ffd029dd000 	C:\WINDOWS\System32\SHCORE.dll
0x00007ffd028d0000 - 0x00007ffd02925000 	C:\WINDOWS\System32\shlwapi.dll
0x00007ffd007b0000 - 0x00007ffd007d5000 	C:\WINDOWS\SYSTEM32\profapi.dll
0x00007ffcd96c0000 - 0x00007ffcd96d8000 	D:\유영아\5_spring\ex_new\sts-4.29.1.RELEASE\plugins\org.eclipse.justj.openjdk.hotspot.jre.full.win32.x86_64_21.0.6.v20250130-0529\jre\bin\zip.dll
0x00007ffcf7fe0000 - 0x00007ffcf7feb000 	D:\유영아\5_spring\ex_new\sts-4.29.1.RELEASE\plugins\org.eclipse.justj.openjdk.hotspot.jre.full.win32.x86_64_21.0.6.v20250130-0529\jre\bin\dt_socket.dll
0x00007ffcffc20000 - 0x00007ffcffc5b000 	C:\WINDOWS\SYSTEM32\IPHLPAPI.DLL
0x00007ffcfff40000 - 0x00007ffcfffac000 	C:\WINDOWS\system32\mswsock.dll
0x00007ffcffc60000 - 0x00007ffcffd2a000 	C:\WINDOWS\SYSTEM32\DNSAPI.dll
0x00007ffd02370000 - 0x00007ffd02378000 	C:\WINDOWS\System32\NSI.dll
0x00007ffcf9750000 - 0x00007ffcf975a000 	C:\Windows\System32\rasadhlp.dll
0x00007ffcf7ba0000 - 0x00007ffcf7c20000 	C:\WINDOWS\System32\fwpuclnt.dll
0x00007ffcefd10000 - 0x00007ffcefd20000 	D:\유영아\5_spring\ex_new\sts-4.29.1.RELEASE\plugins\org.eclipse.justj.openjdk.hotspot.jre.full.win32.x86_64_21.0.6.v20250130-0529\jre\bin\net.dll
0x00007ffcfa530000 - 0x00007ffcfa63a000 	C:\WINDOWS\SYSTEM32\WINHTTP.dll
0x00007ffcd7320000 - 0x00007ffcd7336000 	D:\유영아\5_spring\ex_new\sts-4.29.1.RELEASE\plugins\org.eclipse.justj.openjdk.hotspot.jre.full.win32.x86_64_21.0.6.v20250130-0529\jre\bin\nio.dll
0x00007ffcdc590000 - 0x00007ffcdc59a000 	D:\유영아\5_spring\ex_new\sts-4.29.1.RELEASE\plugins\org.eclipse.justj.openjdk.hotspot.jre.full.win32.x86_64_21.0.6.v20250130-0529\jre\bin\management.dll
0x00007ffcf7290000 - 0x00007ffcf729b000 	D:\유영아\5_spring\ex_new\sts-4.29.1.RELEASE\plugins\org.eclipse.justj.openjdk.hotspot.jre.full.win32.x86_64_21.0.6.v20250130-0529\jre\bin\management_ext.dll
0x00007ffd02360000 - 0x00007ffd02368000 	C:\WINDOWS\System32\PSAPI.DLL
0x00007ffce94f0000 - 0x00007ffce9507000 	C:\WINDOWS\system32\napinsp.dll
0x00007ffce9490000 - 0x00007ffce94ab000 	C:\WINDOWS\system32\pnrpnsp.dll
0x00007ffce9470000 - 0x00007ffce9485000 	C:\WINDOWS\system32\wshbth.dll
0x00007ffcfd790000 - 0x00007ffcfd7ad000 	C:\WINDOWS\system32\NLAapi.dll
0x00007ffce93f0000 - 0x00007ffce9402000 	C:\WINDOWS\System32\winrnr.dll
0x00007ffd00140000 - 0x00007ffd00158000 	C:\WINDOWS\SYSTEM32\CRYPTSP.dll
0x00007ffcff860000 - 0x00007ffcff898000 	C:\WINDOWS\system32\rsaenh.dll
0x00007ffd00770000 - 0x00007ffd0079e000 	C:\WINDOWS\SYSTEM32\USERENV.dll
0x00007ffd00130000 - 0x00007ffd0013c000 	C:\WINDOWS\SYSTEM32\CRYPTBASE.dll
0x00007ffce0720000 - 0x00007ffce0729000 	D:\유영아\5_spring\ex_new\sts-4.29.1.RELEASE\plugins\org.eclipse.justj.openjdk.hotspot.jre.full.win32.x86_64_21.0.6.v20250130-0529\jre\bin\extnet.dll
0x00007ffce4740000 - 0x00007ffce4750000 	D:\유영아\5_spring\ex_new\sts-4.29.1.RELEASE\plugins\org.eclipse.justj.openjdk.hotspot.jre.full.win32.x86_64_21.0.6.v20250130-0529\jre\bin\verify.dll
0x00007ffce1040000 - 0x00007ffce104e000 	D:\유영아\5_spring\ex_new\sts-4.29.1.RELEASE\plugins\org.eclipse.justj.openjdk.hotspot.jre.full.win32.x86_64_21.0.6.v20250130-0529\jre\bin\sunmscapi.dll
0x00007ffd00a30000 - 0x00007ffd00b8d000 	C:\WINDOWS\System32\CRYPT32.dll
0x00007ffd00250000 - 0x00007ffd00277000 	C:\WINDOWS\SYSTEM32\ncrypt.dll
0x00007ffd00210000 - 0x00007ffd0024b000 	C:\WINDOWS\SYSTEM32\NTASN1.dll

dbghelp: loaded successfully - version: 4.0.5 - missing functions: none
symbol engine: initialized successfully - sym options: 0x614 - pdb path: .;D:\유영아\5_spring\ex_new\sts-4.29.1.RELEASE\plugins\org.eclipse.justj.openjdk.hotspot.jre.full.win32.x86_64_21.0.6.v20250130-0529\jre\bin;C:\WINDOWS\SYSTEM32;C:\WINDOWS\WinSxS\amd64_microsoft.windows.common-controls_6595b64144ccf1df_6.0.19041.4355_none_60b8b9eb71f62e16;D:\유영아\5_spring\ex_new\sts-4.29.1.RELEASE\plugins\org.eclipse.justj.openjdk.hotspot.jre.full.win32.x86_64_21.0.6.v20250130-0529\jre\bin\;D:\유영아\5_spring\ex_new\sts-4.29.1.RELEASE\plugins\org.eclipse.justj.openjdk.hotspot.jre.full.win32.x86_64_21.0.6.v20250130-0529\jre\b;D:\유영아\5_spring\ex_new\sts-4.29.1.RELEASE\plugins\org.eclipse.justj.openjdk.hotspot.jre.full.win32.x86_64_21.0.6.v20250130-0529\jr;D:\유영아\5_spring\ex_new\sts-4.29.1.RELEASE\plugins\org.eclipse.justj.openjdk.hotspot.jre.full.win32.x86_64_21.0.6.v20250130-0529;D:\유영아\5_spring\ex_new\sts-4.29.1.RELEASE\plugins\org.eclipse.justj.openjdk.hotspot.jre.full.win32.x86_64_21.0.6.v20250130-0;D:\유영아\5_spring\ex_new\sts-4.29.1.RELEASE\plugins\org.eclipse.justj.openjdk.hotspot.jre.full.win32.x86_64_21.0.6.v2025013;D:\유영아\5_spring\ex_new\sts-4.29.1.RELEASE\plugins\org.eclipse.justj.openjdk.hotspot.jre.full.win32.x86_64_21.0.6.v2025;D:\유영아\5_spring\ex_new\sts-4.29.1.RELEASE\plugins\org.eclipse.justj.openjdk.hotspot.jre.full.win32.x86_64_21.0.6.v2;D:\유영아\5_spring\ex_new\sts-4.29.1.RELEASE\plugins\org.eclipse.justj.openjdk.hotspot.jre.full.win32.x86_64_21.0.6;D:\유영아\5_spring\ex_new\sts-4.29.1.RELEASE\plugins\org.eclipse.justj.openjdk.hotspot.jre.full.win32.x86_64_21.;D:\유영아\5_spring\ex_new\sts-4.29.1.RELEASE\plugins\org.eclipse.justj.openjdk.hotspot.jre.full.win32.x86_64_;D:\유영아\5_spring\ex_new\sts-4.29.1.RELEASE\plugins\org.eclipse.justj.openjdk.hotspot.jre.full.win32.x86_

VM Arguments:
jvm_args: -XX:+ShowCodeDetailsInExceptionMessages -agentlib:jdwp=transport=dt_socket,suspend=y,address=localhost:50574 -Dcom.sun.management.jmxremote -Dcom.sun.management.jmxremote.port=50573 -Dcom.sun.management.jmxremote.authenticate=false -Dcom.sun.management.jmxremote.ssl=false -Djava.rmi.server.hostname=localhost -Dspring.jmx.enabled=true -Dmanagement.endpoints.jmx.exposure.include=* -Dspring.application.admin.enabled=true -Dspring.output.ansi.enabled=always -XX:TieredStopAtLevel=1 -Dspring.boot.project.name=SpringExample -javaagent:D:\유영아\5_spring\ex_new\sts-4.29.1.RELEASE\configuration\org.eclipse.osgi\270\0\.cp\lib\javaagent-shaded.jar -Dfile.encoding=UTF-8 -Dstdout.encoding=UTF-8 -Dstderr.encoding=UTF-8 
java_command: com.example.SpringExampleApplication --debug
java_class_path (initial): D:\유영아\5_spring\ex_new\ex_workspace\SpringExample\bin\main;C:\Users\User\.gradle\caches\modules-2\files-2.1\org.springframework.boot\spring-boot-configuration-processor\3.4.4\5103fbb3f4591f75c47be2f325a1d19a9dcf5804\spring-boot-configuration-processor-3.4.4.jar;C:\Users\User\.gradle\caches\modules-2\files-2.1\org.springframework.boot\spring-boot-starter-web\3.4.4\441c0c71f38783c1d34b8bac5f06f1fa6b103274\spring-boot-starter-web-3.4.4.jar;C:\Users\User\.gradle\caches\modules-2\files-2.1\org.mybatis.spring.boot\mybatis-spring-boot-starter\3.0.4\2a56c4aa1f81aaef9abb0105f72702a737517d9a\mybatis-spring-boot-starter-3.0.4.jar;C:\Users\User\.gradle\caches\modules-2\files-2.1\org.springframework.boot\spring-boot-starter-thymeleaf\3.2.5\293a7cb658eba8e0b25cec63609edbebbaa6c4a8\spring-boot-starter-thymeleaf-3.2.5.jar;C:\Users\User\.gradle\caches\modules-2\files-2.1\com.github.gavlyukovskiy\p6spy-spring-boot-starter\1.9.0\b51740224ed4f0cdca7ba93fe9167e7b97064f41\p6spy-spring-boot-starter-1.9.0.jar;C:\Users\User\.gradle\caches\modules-2\files-2.1\org.springframework.boot\spring-boot-starter-json\3.4.4\7f7ca72abcab50661b7b5d23f63b3bc2375bb2b3\spring-boot-starter-json-3.4.4.jar;C:\Users\User\.gradle\caches\modules-2\files-2.1\org.springframework.boot\spring-boot-starter-jdbc\3.4.4\c1059487b20babd2e0552d285d64d3cb655d0c4d\spring-boot-starter-jdbc-3.4.4.jar;C:\Users\User\.gradle\caches\modules-2\files-2.1\org.springframework.boot\spring-boot-starter\3.4.4\6ad00ebe69a28a5c1c97f80f81920d65e0e4250b\spring-boot-starter-3.4.4.jar;C:\Users\User\.gradle\caches\modules-2\files-2.1\org.springframework.boot\spring-boot-starter-tomcat\3.4.4\4b18ac49cf13ef2c9a98418ebd8fc212a5259da9\spring-boot-starter-tomcat-3.4.4.jar;C:\Users\User\.gradle\caches\modules-2\files-2.1\org.springframework\spring-webmvc\6.2.5\db8f1171041d7091f3de80cffdfb9d6c5fbf3015\spring-webmvc-6.2.5.jar;C:\Users\User\.gradle\caches\modules-2\files-2.1\org.springframework\spring-web\6.2.5\b42d2c0acbe05bad4c849883aa8816c25b6c1d94\spring-web-6.2.5.jar;C:\Users\User\.gradle\caches\modules-2\files-2.1\org.mybatis.spring.boot\mybatis-spring-boot-autoconfigure\3.0.4\27c887cbd92c780e7d8baaf30d9dc5b5d5f0c03\mybatis-spring-boot-autoconfigure-3.0.4.jar;C:\Users\User\.gradle\caches\modules-2\files-2.1\org.mybatis\mybatis\3.5.17\b210805d7d67ab8c564efebbeae5ed648c5bc925\mybatis-3.5.17.jar;C:\Users\User\.gradle\caches\modules-2\files-2.1\org.mybatis\mybatis-spring\3.0.4\8a1250161c6b5c15103c1f51d6a1ad8307af4418\mybatis-spring-3.0.4.jar;C:\Users\User\.gradle\caches\modules-2\files-2.1\org.thymeleaf\thymeleaf-spring6\3.1.3.RELEASE\4b276ea2bd536a18e44b40ff1d9f4848965ff59c\thymeleaf-spring6-3.1.3.RELEASE.jar;C:\Users\User\.gradle\caches\modules-2\files-2.1\com.github.gavlyukovskiy\datasource-decorator-spring-boot-autoconfigure\1.9.0\831a15b04e176cd41c0539cda6194ac3e6b715ff\datasource-decorator-spring-boot-autoconfigure-1.9.0.jar;C:\Users\User\.gradle\caches\modules-2\files-2.1\p6spy\p6spy\3.9.0\7fedf78cc1e53a623a7b36d1f2705790836400aa\p6spy-3.9.0.jar;C:\Users\User\.gradle\caches\modules-2\files-2.1\org.springframework.boot\spring-boot-autoconfigure\3.4.4\5ebc8c0682374768ee6eac9acf12f41e76762207\spring-boot-autoconfigure-3.4.4.jar;C:\Users\User\.gradle\caches\modules-2\files-2.1\org.springframework.boot\spring-boot\3.4.4\f9dbe14c2e5e35a2cd27156802ea6b7c42ab34fd\spring-boot-3.4.4.jar;C:\Users\User\.gradle\caches\modules-2\files-2.1\org.springframework.boot\spring-boot-starter-logging\3.4.4\1a7bbfd57e0b2d0bde8ffd6aa7a0ebd94e4b0aed\spring-boot-starter-logging-3.4.4.jar;C:\Users\User\.gradle\caches\modules-2\files-2.1\jakarta.annotation\jakarta.annotation-api\2.1.1\48b9bda22b091b1f48b13af03fe36db3be6e1ae3\jakarta.annotation-api-2.1.1.jar;C:\Users\User\.gradle\caches\modules-2\files-2.1\org.springframework\spring-context\6.2.5\237de0c3afca2099ab497cc7464726c02b8ab5c5\spring-context-6.2.5.jar;C:\Users\User\.gradle\caches\modules-2\files-2.1\org.springframework\spring-aop\6.2.5\9f436be65bf45ee8643d93e6823d6c81e8f9f91a\spring-aop-6.2.5.jar;C:\Users\User\.gradle\caches\modules-2\files-2.1\org.springframework\spring-jdbc\6.2.5\6eef7c5ac8266aa308522568d98669d82e8ef61f\spring-jdbc-6.2.5.jar;C:\Users\User\.gradle\caches\modules-2\files-2.1\org.springframework\spring-tx\6.2.5\99ecc1c976f58ad63df7205e18eac628f2f1fa9a\spring-tx-6.2.5.jar;C:\Users\User\.gradle\caches\modules-2\files-2.1\org.springframework\spring-beans\6.2.5\6f8eb671d9905da5a73bc9ab7e703e9fed6a0c3f\spring-beans-6.2.5.jar;C:\Users\User\.gradle\caches\modules-2\files-2.1\org.springframework\spring-expression\6.2.5\cb39181911dabe3b3d9992c4b4da38468726ea72\spring-expression-6.2.5.jar;C:\Users\User\.gradle\caches\modules-2\files-2.1\org.springframework\spring-core\6.2.5\d6786db7122037bf605e54e3b35f262a19b8d502\spring-core-6.2.5.jar;C:\Users\User\.gradle\caches\modules-2\files-2.1\org.yaml\snakeyaml\2.3\936b36210e27320f920536f695cf1af210c44586\snakeyaml-2.3.jar;C:\Users\User\.gradle\caches\modules-2\files-2.1\com.fasterxml.jackson.datatype\jackson-datatype-jsr310\2.18.3\cc57924cccf42fc852081c36215272f84ffcd991\jackson-datatype-jsr310-2.18.3.jar;C:\Users\User\.gradle\caches\modules-2\files-2.1\com.fasterxml.jackson.module\jackson-module-parameter-names\2.18.3\fa63ae5eb3956b1a6d7a7ead2b513af89dea22e7\jackson-module-parameter-names-2.18.3.jar;C:\Users\User\.gradle\caches\modules-2\files-2.1\com.fasterxml.jackson.core\jackson-annotations\2.18.3\7fa21cf7da4598f8240e4ebd9779249622af1acd\jackson-annotations-2.18.3.jar;C:\Users\User\.gradle\caches\modules-2\files-2.1\com.fasterxml.jackson.core\jackson-core\2.18.3\78f80c259268200e588aa204dd97ecf09b76916e\jackson-core-2.18.3.jar;C:\Users\User\.gradle\caches\modules-2\files-2.1\com.fasterxml.jackson.datatype\jackson-datatype-jdk8\2.18.3\621558295660935134b171ce2b0d9ad6842ec2ff\jackson-datatype-jdk8-2.18.3.jar;C:\Users\User\.gradle\caches\modules-2\files-2.1\com.fasterxml.jackson.core\jackson-databind\2.18.3\537e3886263e3b3464385040453e92567fd509e2\jackson-databind-2.18.3.jar;C:\Users\User\.gradle\caches\modules-2\files-2.1\org.apache.tomcat.embed\tomcat-embed-websocket\10.1.39\abf50abbbae651f95dfcf9fae05f919bfa9b7046\tomcat-embed-websocket-10.1.39.jar;C:\Users\User\.gradle\caches\modules-2\files-2.1\org.apache.tomcat.embed\tomcat-embed-core\10.1.39\f6acead04214d5aaea82c2639392208df33b3abe\tomcat-embed-core-10.1.39.jar;C:\Users\User\.gradle\caches\modules-2\files-2.1\org.apache.tomcat.embed\tomcat-embed-el\10.1.39\88ff05c768c4654097ab0a9f2b49368a0877ad76\tomcat-embed-el-10.1.39.jar;C:\Users\User\.gradle\caches\modules-2\files-2.1\io.micrometer\micrometer-observation\1.14.5\b23dff6bf07a29f67fdae8f3f3f8f1c78fa7b126\micrometer-observation-1.14.5.jar;C:\Users\User\.gradle\caches\modules-2\files-2.1\com.zaxxer\HikariCP\5.1.0\8c96e36c14461fc436bb02b264b96ef3ca5dca8c\HikariCP-5.1.0.jar;C:\Users\User\.gradle\caches\modules-2\files-2.1\org.thymeleaf\thymeleaf\3.1.3.RELEASE\51474f2a90b282ee97dabcd159c7faf24790f373\thymeleaf-3.1.3.RELEASE.jar;C:\Users\User\.gradle\caches\modules-2\files-2.1\ch.qos.logback\logback-classic\1.5.18\fc371f3fc97a639de2d67947cffb7518ec5e3d40\logback-classic-1.5.18.jar;C:\Users\User\.gradle\caches\modules-2\files-2.1\org.apache.logging.log4j\log4j-to-slf4j\2.24.3\da1143e2a2531ee1c2d90baa98eb50a28a39d5a7\log4j-to-slf4j-2.24.3.jar;C:\Users\User\.gradle\caches\modules-2\files-2.1\org.slf4j\jul-to-slf4j\2.0.17\524cb6ccc2b68a57604750e1ab8b13b5a786a6aa\jul-to-slf4j-2.0.17.jar;C:\Users\User\.gradle\caches\modules-2\files-2.1\org.slf4j\slf4j-api\2.0.17\d9e58ac9c7779ba3bf8142aff6c830617a7fe60f\slf4j-api-2.0.17.jar;C:\Users\User\.gradle\caches\modules-2\files-2.1\org.springframework\spring-jcl\6.2.5\1b8db3715dc78bd18b60869458d5ee8829ad8e99\spring-jcl-6.2.5.jar;C:\Users\User\.gradle\caches\modules-2\files-2.1\io.micrometer\micrometer-commons\1.14.5\6201a40489ccedc9539c5f7a2c84e9e64702bf10\micrometer-commons-1.14.5.jar;C:\Users\User\.gradle\caches\modules-2\files-2.1\org.attoparser\attoparser\2.0.7.RELEASE\e5d0e988d9124139d645bb5872b24dfa23e283cc\attoparser-2.0.7.RELEASE.jar;C:\Users\User\.gradle\caches\modules-2\files-2.1\org.unbescape\unbescape\1.1.6.RELEASE\7b90360afb2b860e09e8347112800d12c12b2a13\unbescape-1.1.6.RELEASE.jar;C:\Users\User\.gradle\caches\modules-2\files-2.1\ch.qos.logback\logback-core\1.5.18\6c0375624f6f36b4e089e2488ba21334a11ef13f\logback-core-1.5.18.jar;C:\Users\User\.gradle\caches\modules-2\files-2.1\org.apache.logging.log4j\log4j-api\2.24.3\b02c125db8b6d295adf72ae6e71af5d83bce2370\log4j-api-2.24.3.jar;C:\Users\User\.gradle\caches\modules-2\files-2.1\org.springframework.boot\spring-boot-devtools\3.4.4\b38a49884355d30ca86583e724e4d348bc0b4e74\spring-boot-devtools-3.4.4.jar;C:\Users\User\.gradle\caches\modules-2\files-2.1\com.mysql\mysql-connector-j\9.1.0\5fb1d513278e1a9767dfa80ea9d8d7ee909f1a\mysql-connector-j-9.1.0.jar
Launcher Type: SUN_STANDARD

[Global flags]
     intx CICompilerCount                          = 4                                         {product} {ergonomic}
     uint ConcGCThreads                            = 3                                         {product} {ergonomic}
     uint G1ConcRefinementThreads                  = 10                                        {product} {ergonomic}
   size_t G1HeapRegionSize                         = 2097152                                   {product} {ergonomic}
    uintx GCDrainStackTargetSize                   = 64                                        {product} {ergonomic}
   size_t InitialHeapSize                          = 264241152                                 {product} {ergonomic}
     bool ManagementServer                         = true                                      {product} {command line}
   size_t MarkStackSize                            = 4194304                                   {product} {ergonomic}
   size_t MaxHeapSize                              = 4208984064                                {product} {ergonomic}
   size_t MaxNewSize                               = 2524971008                                {product} {ergonomic}
   size_t MinHeapDeltaBytes                        = 2097152                                   {product} {ergonomic}
   size_t MinHeapSize                              = 8388608                                   {product} {ergonomic}
    uintx NonNMethodCodeHeapSize                   = 4096                                   {pd product} {ergonomic}
    uintx NonProfiledCodeHeapSize                  = 0                                      {pd product} {ergonomic}
     bool ProfileInterpreter                       = false                                  {pd product} {command line}
    uintx ProfiledCodeHeapSize                     = 0                                      {pd product} {ergonomic}
     bool ShowCodeDetailsInExceptionMessages       = true                                   {manageable} {command line}
   size_t SoftMaxHeapSize                          = 4208984064                             {manageable} {ergonomic}
     intx TieredStopAtLevel                        = 1                                         {product} {command line}
     bool UseCompressedOops                        = true                           {product lp64_product} {ergonomic}
     bool UseG1GC                                  = true                                      {product} {ergonomic}
     bool UseLargePagesIndividualAllocation        = false                                  {pd product} {ergonomic}

Logging:
Log output configuration:
 #0: stdout all=warning uptime,level,tags foldmultilines=false
 #1: stderr all=off uptime,level,tags foldmultilines=false

Environment Variables:
JAVA_HOME=C:\Program Files\Java\jdk1.8.0_211\bin\java.exe
CLASSPATH=C:\Program Files\Java\jdk1.8.0_211\lib
PATH=D:\유영아\5_spring\ex_new\sts-4.29.1.RELEASE\plugins\org.eclipse.justj.openjdk.hotspot.jre.full.win32.x86_64_21.0.6.v20250130-0529\jre\bin;D:/유영아/5_spring/ex_new/sts-4.29.1.RELEASE//plugins/org.eclipse.justj.openjdk.hotspot.jre.full.win32.x86_64_21.0.6.v20250130-0529/jre/bin/server;D:/유영아/5_spring/ex_new/sts-4.29.1.RELEASE//plugins/org.eclipse.justj.openjdk.hotspot.jre.full.win32.x86_64_21.0.6.v20250130-0529/jre/bin;C:\Program Files\Common Files\Oracle\Java\javapath;C:\Program Files (x86)\VMware\VMware Workstation\bin\;C:\Program Files\Python310\Scripts\;C:\Program Files\Python310\;C:\Python310\Scripts\;C:\Python310\;C:\oraclexe\app\oracle\product\11.2.0\server\bin;C:\WINDOWS\system32;C:\WINDOWS;C:\WINDOWS\System32\Wbem;C:\WINDOWS\System32\WindowsPowerShell\v1.0\;C:\WINDOWS\System32\OpenSSH\;C:\Program Files\Java\jdk1.8.0_211\bin\;C:\ProgramData\chocolatey\bin;C:\Program Files\Git\cmd;C:\Program Files (x86)\Yarn\bin\;C:\Program Files\Bandizip\;C:\Program Files\PuTTY\;C:\Users\User\AppData\Roaming\npm;C:\Program Files\nodejs\;C:\Program Files\Java\jdk1.8.0_211\bin;C:\terraform;C:\Program Files\Amazon\AWSCLIV2\;C:\Program Files\MySQL\MySQL Shell 8.0\bin\;C:\Users\User\AppData\Local\Programs\Python\Python313\Scripts\;C:\Users\User\AppData\Local\Programs\Python\Python313\;C:\Users\User\AppData\Local\Programs\Python\Launcher\;C:\Users\User\AppData\Local\Programs\Python\Python311\Scripts\;C:\Users\User\AppData\Local\Programs\Python\Python311\;C:\Users\User\AppData\Local\Programs\Python\Python39\Scripts\;C:\Users\User\AppData\Local\Programs\Python\Python39\;C:\Users\User\AppData\Local\Microsoft\WindowsApps;C:\Users\User\Desktop\Microsoft VS Code\bin;C:\Program Files\JetBrains\IntelliJ IDEA Community Edition 2020.3.3\bin;C:\Program Files\Java\jdk1.8.0_211\bin\java.exe\bin;;C:\Users\User\AppData\Local\Yarn\bin;C:\Program Files\JetBrains\PyCharm 2024.1.3\bin;;C:\Program Files\JetBrains\PyCharm Community Edition 2023.3\bin;;C:\Users\User\AppData\Roaming\npm;C:\Program Files (x86)\ESTsoft\ALSee\x64;D:\유영아\5_spring\ex_new\sts-4.29.1.RELEASE;
USERNAME=User
OS=Windows_NT
PROCESSOR_IDENTIFIER=Intel64 Family 6 Model 158 Stepping 10, GenuineIntel
TMP=C:\Users\User\AppData\Local\Temp
TEMP=C:\Users\User\AppData\Local\Temp




Periodic native trim disabled

---------------  S Y S T E M  ---------------

OS:
 Windows 10 , 64 bit Build 19041 (10.0.19041.5678)
OS uptime: 0 days 0:53 hours

CPU: total 12 (initial active 12) (6 cores per cpu, 2 threads per core) family 6 model 158 stepping 10 microcode 0xb4, cx8, cmov, fxsr, ht, mmx, 3dnowpref, sse, sse2, sse3, ssse3, sse4.1, sse4.2, popcnt, lzcnt, tsc, tscinvbit, avx, avx2, aes, erms, clmul, bmi1, bmi2, rtm, adx, fma, vzeroupper, clflush, clflushopt, rdtscp, f16c
Processor Information for the first 12 processors :
  Max Mhz: 3192, Current Mhz: 3192, Mhz Limit: 3192

Memory: 4k page, system-wide physical 16053M (9095M free)
TotalPageFile size 18485M (AvailPageFile size 10478M)
current process WorkingSet (physical memory assigned to process): 179M, peak: 241M
current process commit charge ("private bytes"): 220M, peak: 375M

vm_info: OpenJDK 64-Bit Server VM (21.0.6+7-LTS) for windows-amd64 JRE (21.0.6+7-LTS), built on 2025-01-21T00:00:00Z by "admin" with MS VC++ 17.7 (VS2022)

END.
